Command line invocation:
    /Applications/Xcode.app/Contents/Developer/usr/bin/xcodebuild -project MetalSplat.xcodeproj -scheme MetalSplat -destination generic/platform=iOS clean build

Resolve Package Graph


Resolved source packages:
  Forge: https://github.com/drunknbass/Forge @ 1.4.2
  Satin: https://github.com/Hi-Rez/Satin.git @ 13.0.0

CreateBuildRequest

SendProjectDescription

CreateBuildOperation

** CLEAN SUCCEEDED **

ComputePackagePrebuildTargetDependencyGraph

Prepare packages

CreateBuildRequest

SendProjectDescription

CreateBuildOperation

ComputeTargetDependencyGraph
note: Building targets in dependency order
note: Target dependency graph (8 targets)
    Target 'MetalSplat' in project 'MetalSplat'
        ➜ Explicit dependency on target 'Forge' in project 'Forge'
        ➜ Explicit dependency on target 'Satin' in project 'Satin'
        ➜ Explicit dependency on target 'SatinCore' in project 'Satin'
    Target 'SatinCore' in project 'Satin'
        ➜ Explicit dependency on target 'SatinCore' in project 'Satin'
    Target 'Satin' in project 'Satin'
        ➜ Explicit dependency on target 'Satin' in project 'Satin'
        ➜ Explicit dependency on target 'Satin_Satin' in project 'Satin'
        ➜ Explicit dependency on target 'SatinCore' in project 'Satin'
    Target 'Satin' in project 'Satin'
        ➜ Explicit dependency on target 'Satin_Satin' in project 'Satin'
        ➜ Explicit dependency on target 'SatinCore' in project 'Satin'
    Target 'SatinCore' in project 'Satin' (no dependencies)
    Target 'Satin_Satin' in project 'Satin' (no dependencies)
    Target 'Forge' in project 'Forge'
        ➜ Explicit dependency on target 'Forge' in project 'Forge'
    Target 'Forge' in project 'Forge' (no dependencies)

GatherProvisioningInputs

CreateBuildDescription

ExecuteExternalTool /Applications/Xcode.app/Contents/Developer/Toolchains/XcodeDefault.xctoolchain/usr/bin/swiftc --version

ExecuteExternalTool /Applications/Xcode.app/Contents/Developer/Toolchains/XcodeDefault.xctoolchain/usr/bin/clang -v -E -dM -isysroot /Applications/Xcode.app/Contents/Developer/Platforms/iPhoneOS.platform/Developer/SDKs/iPhoneOS26.2.sdk -x c -c /dev/null

ExecuteExternalTool /Applications/Xcode.app/Contents/Developer/Toolchains/XcodeDefault.xctoolchain/usr/bin/clang -v -E -dM -arch arm64 -isysroot /Applications/Xcode.app/Contents/Developer/Platforms/iPhoneOS.platform/Developer/SDKs/iPhoneOS26.2.sdk -x objective-c++ -c /dev/null

ExecuteExternalTool /Applications/Xcode.app/Contents/Developer/usr/bin/ibtool --version --output-format xml1

ExecuteExternalTool /Applications/Xcode.app/Contents/Developer/Toolchains/XcodeDefault.xctoolchain/usr/bin/clang -v -E -dM -arch arm64 -isysroot /Applications/Xcode.app/Contents/Developer/Platforms/iPhoneOS.platform/Developer/SDKs/iPhoneOS26.2.sdk -x c -c /dev/null

ExecuteExternalTool /Applications/Xcode.app/Contents/Developer/usr/bin/actool --print-asset-tag-combinations --output-format xml1 /Users/ACdesk/Desktop/iosViewer_Amartya'sRepo/VideoGS_IOS_Viewer/MetalSplat/Assets.xcassets

ExecuteExternalTool /Applications/Xcode.app/Contents/Developer/Toolchains/XcodeDefault.xctoolchain/usr/bin/ld -version_details

ReadFileContents /Applications/Xcode.app/Contents/Developer/Toolchains/XcodeDefault.xctoolchain/usr/share/docc/features.json

ExecuteExternalTool /Applications/Xcode.app/Contents/Developer/usr/bin/actool --version --output-format xml1

Build description signature: 126f4b82270e6f517ba9c2c28c37bcf7
Build description path: /Users/ACdesk/Library/Developer/Xcode/DerivedData/MetalSplat-exhxvadxofhhjicwksrjvtzmjtof/Build/Intermediates.noindex/XCBuildData/126f4b82270e6f517ba9c2c28c37bcf7.xcbuilddata
ClangStatCache /Applications/Xcode.app/Contents/Developer/Toolchains/XcodeDefault.xctoolchain/usr/bin/clang-stat-cache /Applications/Xcode.app/Contents/Developer/Platforms/iPhoneOS.platform/Developer/SDKs/iPhoneOS26.2.sdk /Users/ACdesk/Library/Developer/Xcode/DerivedData/SDKStatCaches.noindex/iphoneos26.2-23C53-3885c01c3e6b6a337905948deab2002e3794476bd08197c3e2abd9bb477ef7f7.sdkstatcache
    cd /Users/ACdesk/Desktop/iosViewer_Amartya\'sRepo/VideoGS_IOS_Viewer/MetalSplat.xcodeproj
    /Applications/Xcode.app/Contents/Developer/Toolchains/XcodeDefault.xctoolchain/usr/bin/clang-stat-cache /Applications/Xcode.app/Contents/Developer/Platforms/iPhoneOS.platform/Developer/SDKs/iPhoneOS26.2.sdk -o /Users/ACdesk/Library/Developer/Xcode/DerivedData/SDKStatCaches.noindex/iphoneos26.2-23C53-3885c01c3e6b6a337905948deab2002e3794476bd08197c3e2abd9bb477ef7f7.sdkstatcache

CreateBuildDirectory /Users/ACdesk/Library/Developer/Xcode/DerivedData/MetalSplat-exhxvadxofhhjicwksrjvtzmjtof/Build/Products
    cd /Users/ACdesk/Desktop/iosViewer_Amartya\'sRepo/VideoGS_IOS_Viewer/MetalSplat.xcodeproj
    builtin-create-build-directory /Users/ACdesk/Library/Developer/Xcode/DerivedData/MetalSplat-exhxvadxofhhjicwksrjvtzmjtof/Build/Products

CreateBuildDirectory /Users/ACdesk/Library/Developer/Xcode/DerivedData/MetalSplat-exhxvadxofhhjicwksrjvtzmjtof/Build/Intermediates.noindex
    cd /Users/ACdesk/Desktop/iosViewer_Amartya\'sRepo/VideoGS_IOS_Viewer/MetalSplat.xcodeproj
    builtin-create-build-directory /Users/ACdesk/Library/Developer/Xcode/DerivedData/MetalSplat-exhxvadxofhhjicwksrjvtzmjtof/Build/Intermediates.noindex

CreateBuildDirectory /Users/ACdesk/Library/Developer/Xcode/DerivedData/MetalSplat-exhxvadxofhhjicwksrjvtzmjtof/Build/Products/Debug-iphoneos
    cd /Users/ACdesk/Desktop/iosViewer_Amartya\'sRepo/VideoGS_IOS_Viewer/MetalSplat.xcodeproj
    builtin-create-build-directory /Users/ACdesk/Library/Developer/Xcode/DerivedData/MetalSplat-exhxvadxofhhjicwksrjvtzmjtof/Build/Products/Debug-iphoneos

CreateBuildDirectory /Users/ACdesk/Library/Developer/Xcode/DerivedData/MetalSplat-exhxvadxofhhjicwksrjvtzmjtof/Build/Intermediates.noindex/SwiftExplicitPrecompiledModules
    cd /Users/ACdesk/Desktop/iosViewer_Amartya\'sRepo/VideoGS_IOS_Viewer/MetalSplat.xcodeproj
    builtin-create-build-directory /Users/ACdesk/Library/Developer/Xcode/DerivedData/MetalSplat-exhxvadxofhhjicwksrjvtzmjtof/Build/Intermediates.noindex/SwiftExplicitPrecompiledModules

CreateBuildDirectory /Users/ACdesk/Library/Developer/Xcode/DerivedData/MetalSplat-exhxvadxofhhjicwksrjvtzmjtof/Build/Intermediates.noindex/ExplicitPrecompiledModules
    cd /Users/ACdesk/Desktop/iosViewer_Amartya\'sRepo/VideoGS_IOS_Viewer/MetalSplat.xcodeproj
    builtin-create-build-directory /Users/ACdesk/Library/Developer/Xcode/DerivedData/MetalSplat-exhxvadxofhhjicwksrjvtzmjtof/Build/Intermediates.noindex/ExplicitPrecompiledModules

CreateBuildDirectory /Users/ACdesk/Library/Developer/Xcode/DerivedData/MetalSplat-exhxvadxofhhjicwksrjvtzmjtof/Build/Intermediates.noindex/EagerLinkingTBDs/Debug-iphoneos
    cd /Users/ACdesk/Desktop/iosViewer_Amartya\'sRepo/VideoGS_IOS_Viewer/MetalSplat.xcodeproj
    builtin-create-build-directory /Users/ACdesk/Library/Developer/Xcode/DerivedData/MetalSplat-exhxvadxofhhjicwksrjvtzmjtof/Build/Intermediates.noindex/EagerLinkingTBDs/Debug-iphoneos

WriteAuxiliaryFile /Users/ACdesk/Library/Developer/Xcode/DerivedData/MetalSplat-exhxvadxofhhjicwksrjvtzmjtof/Build/Intermediates.noindex/MetalSplat.build/Debug-iphoneos/MetalSplat-f6305b61a48aff224a003adb4503c0e4-VFS-iphoneos/all-product-headers.yaml
    cd /Users/ACdesk/Desktop/iosViewer_Amartya\'sRepo/VideoGS_IOS_Viewer/MetalSplat.xcodeproj
    write-file /Users/ACdesk/Library/Developer/Xcode/DerivedData/MetalSplat-exhxvadxofhhjicwksrjvtzmjtof/Build/Intermediates.noindex/MetalSplat.build/Debug-iphoneos/MetalSplat-f6305b61a48aff224a003adb4503c0e4-VFS-iphoneos/all-product-headers.yaml

CreateBuildDirectory /Users/ACdesk/Library/Developer/Xcode/DerivedData/MetalSplat-exhxvadxofhhjicwksrjvtzmjtof/Build/Products/Debug-iphoneos/PackageFrameworks
    cd /Users/ACdesk/Desktop/iosViewer_Amartya\'sRepo/VideoGS_IOS_Viewer/MetalSplat.xcodeproj
    builtin-create-build-directory /Users/ACdesk/Library/Developer/Xcode/DerivedData/MetalSplat-exhxvadxofhhjicwksrjvtzmjtof/Build/Products/Debug-iphoneos/PackageFrameworks

WriteAuxiliaryFile /Users/ACdesk/Library/Developer/Xcode/DerivedData/MetalSplat-exhxvadxofhhjicwksrjvtzmjtof/Build/Intermediates.noindex/MetalSplat.build/Debug-iphoneos/MetalSplat.build/Objects-normal/arm64/af3fcb34312c57c0f52879cdce924b91-common-args.resp (in target 'MetalSplat' from project 'MetalSplat')
    cd /Users/ACdesk/Desktop/iosViewer_Amartya\'sRepo/VideoGS_IOS_Viewer
    write-file /Users/ACdesk/Library/Developer/Xcode/DerivedData/MetalSplat-exhxvadxofhhjicwksrjvtzmjtof/Build/Intermediates.noindex/MetalSplat.build/Debug-iphoneos/MetalSplat.build/Objects-normal/arm64/af3fcb34312c57c0f52879cdce924b91-common-args.resp
-target arm64-apple-ios16.0 '-std=gnu++20' -fobjc-arc -fobjc-weak -fmodules -fno-cxx-modules -gmodules '-fmodules-cache-path=/Users/ACdesk/Library/Developer/Xcode/DerivedData/ModuleCache.noindex' '-D_LIBCPP_HARDENING_MODE=_LIBCPP_HARDENING_MODE_DEBUG' -fpascal-strings -O0 -fno-common '-DDEBUG=1' '-DOBJC_OLD_DISPATCH_PROTOTYPES=0' -isysroot /Applications/Xcode.app/Contents/Developer/Platforms/iPhoneOS.platform/Developer/SDKs/iPhoneOS26.2.sdk -g -fvisibility-inlines-hidden -iquote /Users/ACdesk/Library/Developer/Xcode/DerivedData/MetalSplat-exhxvadxofhhjicwksrjvtzmjtof/Build/Intermediates.noindex/MetalSplat.build/Debug-iphoneos/MetalSplat.build/MetalSplat-generated-files.hmap -I/Users/ACdesk/Library/Developer/Xcode/DerivedData/MetalSplat-exhxvadxofhhjicwksrjvtzmjtof/Build/Intermediates.noindex/MetalSplat.build/Debug-iphoneos/MetalSplat.build/MetalSplat-own-target-headers.hmap -I/Users/ACdesk/Library/Developer/Xcode/DerivedData/MetalSplat-exhxvadxofhhjicwksrjvtzmjtof/Build/Intermediates.noindex/MetalSplat.build/Debug-iphoneos/MetalSplat.build/MetalSplat-all-non-framework-target-headers.hmap -ivfsoverlay /Users/ACdesk/Library/Developer/Xcode/DerivedData/MetalSplat-exhxvadxofhhjicwksrjvtzmjtof/Build/Intermediates.noindex/MetalSplat.build/Debug-iphoneos/MetalSplat-f6305b61a48aff224a003adb4503c0e4-VFS-iphoneos/all-product-headers.yaml -iquote /Users/ACdesk/Library/Developer/Xcode/DerivedData/MetalSplat-exhxvadxofhhjicwksrjvtzmjtof/Build/Intermediates.noindex/MetalSplat.build/Debug-iphoneos/MetalSplat.build/MetalSplat-project-headers.hmap -I/Users/ACdesk/Library/Developer/Xcode/DerivedData/MetalSplat-exhxvadxofhhjicwksrjvtzmjtof/SourcePackages/checkouts/Satin/Sources/SatinCore/include -I/Users/ACdesk/Library/Developer/Xcode/DerivedData/MetalSplat-exhxvadxofhhjicwksrjvtzmjtof/Build/Products/Debug-iphoneos/include -I/Users/ACdesk/Library/Developer/Xcode/DerivedData/MetalSplat-exhxvadxofhhjicwksrjvtzmjtof/Build/Intermediates.noindex/MetalSplat.build/Debug-iphoneos/MetalSplat.build/DerivedSources-normal/arm64 -I/Users/ACdesk/Library/Developer/Xcode/DerivedData/MetalSplat-exhxvadxofhhjicwksrjvtzmjtof/Build/Intermediates.noindex/MetalSplat.build/Debug-iphoneos/MetalSplat.build/DerivedSources/arm64 -I/Users/ACdesk/Library/Developer/Xcode/DerivedData/MetalSplat-exhxvadxofhhjicwksrjvtzmjtof/Build/Intermediates.noindex/MetalSplat.build/Debug-iphoneos/MetalSplat.build/DerivedSources -F/Users/ACdesk/Library/Developer/Xcode/DerivedData/MetalSplat-exhxvadxofhhjicwksrjvtzmjtof/Build/Products/Debug-iphoneos/PackageFrameworks -F/Users/ACdesk/Library/Developer/Xcode/DerivedData/MetalSplat-exhxvadxofhhjicwksrjvtzmjtof/Build/Products/Debug-iphoneos/PackageFrameworks -F/Users/ACdesk/Library/Developer/Xcode/DerivedData/MetalSplat-exhxvadxofhhjicwksrjvtzmjtof/Build/Products/Debug-iphoneos/PackageFrameworks -F/Users/ACdesk/Library/Developer/Xcode/DerivedData/MetalSplat-exhxvadxofhhjicwksrjvtzmjtof/Build/Products/Debug-iphoneos -F/Users/ACdesk/Desktop/iosViewer_Amartya\'sRepo/VideoGS_IOS_Viewer '-fmodule-map-file=/Users/ACdesk/Library/Developer/Xcode/DerivedData/MetalSplat-exhxvadxofhhjicwksrjvtzmjtof/Build/Intermediates.noindex/GeneratedModuleMaps-iphoneos/Forge.modulemap' '-fmodule-map-file=/Users/ACdesk/Library/Developer/Xcode/DerivedData/MetalSplat-exhxvadxofhhjicwksrjvtzmjtof/Build/Intermediates.noindex/GeneratedModuleMaps-iphoneos/Satin.modulemap' '-fmodule-map-file=/Users/ACdesk/Library/Developer/Xcode/DerivedData/MetalSplat-exhxvadxofhhjicwksrjvtzmjtof/Build/Intermediates.noindex/GeneratedModuleMaps-iphoneos/SatinCore.modulemap'

WriteAuxiliaryFile /Users/ACdesk/Library/Developer/Xcode/DerivedData/MetalSplat-exhxvadxofhhjicwksrjvtzmjtof/Build/Intermediates.noindex/MetalSplat.build/Debug-iphoneos/MetalSplat.build/Objects-normal/arm64/MetalSplat.SwiftConstValuesFileList (in target 'MetalSplat' from project 'MetalSplat')
    cd /Users/ACdesk/Desktop/iosViewer_Amartya\'sRepo/VideoGS_IOS_Viewer
    write-file /Users/ACdesk/Library/Developer/Xcode/DerivedData/MetalSplat-exhxvadxofhhjicwksrjvtzmjtof/Build/Intermediates.noindex/MetalSplat.build/Debug-iphoneos/MetalSplat.build/Objects-normal/arm64/MetalSplat.SwiftConstValuesFileList

WriteAuxiliaryFile /Users/ACdesk/Library/Developer/Xcode/DerivedData/MetalSplat-exhxvadxofhhjicwksrjvtzmjtof/Build/Intermediates.noindex/MetalSplat.build/Debug-iphoneos/MetalSplat.build/Objects-normal/arm64/MetalSplat.SwiftFileList (in target 'MetalSplat' from project 'MetalSplat')
    cd /Users/ACdesk/Desktop/iosViewer_Amartya\'sRepo/VideoGS_IOS_Viewer
    write-file /Users/ACdesk/Library/Developer/Xcode/DerivedData/MetalSplat-exhxvadxofhhjicwksrjvtzmjtof/Build/Intermediates.noindex/MetalSplat.build/Debug-iphoneos/MetalSplat.build/Objects-normal/arm64/MetalSplat.SwiftFileList

WriteAuxiliaryFile /Users/ACdesk/Library/Developer/Xcode/DerivedData/MetalSplat-exhxvadxofhhjicwksrjvtzmjtof/Build/Intermediates.noindex/MetalSplat.build/Debug-iphoneos/MetalSplat.build/Objects-normal/arm64/MetalSplat.LinkFileList (in target 'MetalSplat' from project 'MetalSplat')
    cd /Users/ACdesk/Desktop/iosViewer_Amartya\'sRepo/VideoGS_IOS_Viewer
    write-file /Users/ACdesk/Library/Developer/Xcode/DerivedData/MetalSplat-exhxvadxofhhjicwksrjvtzmjtof/Build/Intermediates.noindex/MetalSplat.build/Debug-iphoneos/MetalSplat.build/Objects-normal/arm64/MetalSplat.LinkFileList

WriteAuxiliaryFile /Users/ACdesk/Library/Developer/Xcode/DerivedData/MetalSplat-exhxvadxofhhjicwksrjvtzmjtof/Build/Intermediates.noindex/MetalSplat.build/Debug-iphoneos/MetalSplat.build/Objects-normal/arm64/MetalSplat_const_extract_protocols.json (in target 'MetalSplat' from project 'MetalSplat')
    cd /Users/ACdesk/Desktop/iosViewer_Amartya\'sRepo/VideoGS_IOS_Viewer
    write-file /Users/ACdesk/Library/Developer/Xcode/DerivedData/MetalSplat-exhxvadxofhhjicwksrjvtzmjtof/Build/Intermediates.noindex/MetalSplat.build/Debug-iphoneos/MetalSplat.build/Objects-normal/arm64/MetalSplat_const_extract_protocols.json

WriteAuxiliaryFile /Users/ACdesk/Library/Developer/Xcode/DerivedData/MetalSplat-exhxvadxofhhjicwksrjvtzmjtof/Build/Intermediates.noindex/Forge.build/Debug-iphoneos/Forge.build/Objects-normal/arm64/Forge_const_extract_protocols.json (in target 'Forge' from project 'Forge')
    cd /Users/ACdesk/Library/Developer/Xcode/DerivedData/MetalSplat-exhxvadxofhhjicwksrjvtzmjtof/SourcePackages/checkouts/Forge
    write-file /Users/ACdesk/Library/Developer/Xcode/DerivedData/MetalSplat-exhxvadxofhhjicwksrjvtzmjtof/Build/Intermediates.noindex/Forge.build/Debug-iphoneos/Forge.build/Objects-normal/arm64/Forge_const_extract_protocols.json

WriteAuxiliaryFile /Users/ACdesk/Library/Developer/Xcode/DerivedData/MetalSplat-exhxvadxofhhjicwksrjvtzmjtof/Build/Intermediates.noindex/Satin.build/Debug-iphoneos/Satin.build/Satin.modulemap (in target 'Satin' from project 'Satin')
    cd /Users/ACdesk/Library/Developer/Xcode/DerivedData/MetalSplat-exhxvadxofhhjicwksrjvtzmjtof/SourcePackages/checkouts/Satin
    write-file /Users/ACdesk/Library/Developer/Xcode/DerivedData/MetalSplat-exhxvadxofhhjicwksrjvtzmjtof/Build/Intermediates.noindex/Satin.build/Debug-iphoneos/Satin.build/Satin.modulemap

WriteAuxiliaryFile /Users/ACdesk/Library/Developer/Xcode/DerivedData/MetalSplat-exhxvadxofhhjicwksrjvtzmjtof/Build/Intermediates.noindex/Satin.build/Debug-iphoneos/Satin_Satin.build/Satin_Satin.DependencyMetadataFileList (in target 'Satin_Satin' from project 'Satin')
    cd /Users/ACdesk/Library/Developer/Xcode/DerivedData/MetalSplat-exhxvadxofhhjicwksrjvtzmjtof/SourcePackages/checkouts/Satin
    write-file /Users/ACdesk/Library/Developer/Xcode/DerivedData/MetalSplat-exhxvadxofhhjicwksrjvtzmjtof/Build/Intermediates.noindex/Satin.build/Debug-iphoneos/Satin_Satin.build/Satin_Satin.DependencyMetadataFileList

WriteAuxiliaryFile /Users/ACdesk/Library/Developer/Xcode/DerivedData/MetalSplat-exhxvadxofhhjicwksrjvtzmjtof/Build/Intermediates.noindex/Satin.build/Debug-iphoneos/Satin_Satin.build/Satin_Satin.DependencyStaticMetadataFileList (in target 'Satin_Satin' from project 'Satin')
    cd /Users/ACdesk/Library/Developer/Xcode/DerivedData/MetalSplat-exhxvadxofhhjicwksrjvtzmjtof/SourcePackages/checkouts/Satin
    write-file /Users/ACdesk/Library/Developer/Xcode/DerivedData/MetalSplat-exhxvadxofhhjicwksrjvtzmjtof/Build/Intermediates.noindex/Satin.build/Debug-iphoneos/Satin_Satin.build/Satin_Satin.DependencyStaticMetadataFileList

WriteAuxiliaryFile /Users/ACdesk/Library/Developer/Xcode/DerivedData/MetalSplat-exhxvadxofhhjicwksrjvtzmjtof/Build/Intermediates.noindex/Satin.build/Debug-iphoneos/Satin_Satin.build/empty-Satin_Satin.plist (in target 'Satin_Satin' from project 'Satin')
    cd /Users/ACdesk/Library/Developer/Xcode/DerivedData/MetalSplat-exhxvadxofhhjicwksrjvtzmjtof/SourcePackages/checkouts/Satin
    write-file /Users/ACdesk/Library/Developer/Xcode/DerivedData/MetalSplat-exhxvadxofhhjicwksrjvtzmjtof/Build/Intermediates.noindex/Satin.build/Debug-iphoneos/Satin_Satin.build/empty-Satin_Satin.plist

WriteAuxiliaryFile /Users/ACdesk/Library/Developer/Xcode/DerivedData/MetalSplat-exhxvadxofhhjicwksrjvtzmjtof/Build/Intermediates.noindex/Satin.build/Debug-iphoneos/SatinCore.build/SatinCore.modulemap (in target 'SatinCore' from project 'Satin')
    cd /Users/ACdesk/Library/Developer/Xcode/DerivedData/MetalSplat-exhxvadxofhhjicwksrjvtzmjtof/SourcePackages/checkouts/Satin
    write-file /Users/ACdesk/Library/Developer/Xcode/DerivedData/MetalSplat-exhxvadxofhhjicwksrjvtzmjtof/Build/Intermediates.noindex/Satin.build/Debug-iphoneos/SatinCore.build/SatinCore.modulemap

WriteAuxiliaryFile /Users/ACdesk/Library/Developer/Xcode/DerivedData/MetalSplat-exhxvadxofhhjicwksrjvtzmjtof/Build/Intermediates.noindex/Satin.build/Debug-iphoneos/SatinCore.build/SatinCore.DependencyStaticMetadataFileList (in target 'SatinCore' from project 'Satin')
    cd /Users/ACdesk/Library/Developer/Xcode/DerivedData/MetalSplat-exhxvadxofhhjicwksrjvtzmjtof/SourcePackages/checkouts/Satin
    write-file /Users/ACdesk/Library/Developer/Xcode/DerivedData/MetalSplat-exhxvadxofhhjicwksrjvtzmjtof/Build/Intermediates.noindex/Satin.build/Debug-iphoneos/SatinCore.build/SatinCore.DependencyStaticMetadataFileList

WriteAuxiliaryFile /Users/ACdesk/Library/Developer/Xcode/DerivedData/MetalSplat-exhxvadxofhhjicwksrjvtzmjtof/Build/Intermediates.noindex/Satin.build/Debug-iphoneos/SatinCore.build/SatinCore.DependencyMetadataFileList (in target 'SatinCore' from project 'Satin')
    cd /Users/ACdesk/Library/Developer/Xcode/DerivedData/MetalSplat-exhxvadxofhhjicwksrjvtzmjtof/SourcePackages/checkouts/Satin
    write-file /Users/ACdesk/Library/Developer/Xcode/DerivedData/MetalSplat-exhxvadxofhhjicwksrjvtzmjtof/Build/Intermediates.noindex/Satin.build/Debug-iphoneos/SatinCore.build/SatinCore.DependencyMetadataFileList

WriteAuxiliaryFile /Users/ACdesk/Library/Developer/Xcode/DerivedData/MetalSplat-exhxvadxofhhjicwksrjvtzmjtof/Build/Intermediates.noindex/Satin.build/Debug-iphoneos/SatinCore.build/Objects-normal/arm64/af3fcb34312c57c0f52879cdce924b91-common-args.resp (in target 'SatinCore' from project 'Satin')
    cd /Users/ACdesk/Library/Developer/Xcode/DerivedData/MetalSplat-exhxvadxofhhjicwksrjvtzmjtof/SourcePackages/checkouts/Satin
    write-file /Users/ACdesk/Library/Developer/Xcode/DerivedData/MetalSplat-exhxvadxofhhjicwksrjvtzmjtof/Build/Intermediates.noindex/Satin.build/Debug-iphoneos/SatinCore.build/Objects-normal/arm64/af3fcb34312c57c0f52879cdce924b91-common-args.resp
-target arm64-apple-ios13.0 -fobjc-arc -fmodules -fno-cxx-modules -gmodules '-fmodules-cache-path=/Users/ACdesk/Library/Developer/Xcode/DerivedData/ModuleCache.noindex' '-fmodule-name=SatinCore' '-D_LIBCPP_HARDENING_MODE=_LIBCPP_HARDENING_MODE_DEBUG' -fpascal-strings -O0 -DSWIFT_PACKAGE '-DDEBUG=1' '-DOBJC_OLD_DISPATCH_PROTOTYPES=1' -isysroot /Applications/Xcode.app/Contents/Developer/Platforms/iPhoneOS.platform/Developer/SDKs/iPhoneOS26.2.sdk -g -fvisibility-inlines-hidden -I/Users/ACdesk/Library/Developer/Xcode/DerivedData/MetalSplat-exhxvadxofhhjicwksrjvtzmjtof/Build/Products/Debug-iphoneos/include -I/Users/ACdesk/Library/Developer/Xcode/DerivedData/MetalSplat-exhxvadxofhhjicwksrjvtzmjtof/SourcePackages/checkouts/Satin/Sources/SatinCore/include -I/Users/ACdesk/Library/Developer/Xcode/DerivedData/MetalSplat-exhxvadxofhhjicwksrjvtzmjtof/SourcePackages/checkouts/Satin/Sources/SatinCore/include -I/Users/ACdesk/Library/Developer/Xcode/DerivedData/MetalSplat-exhxvadxofhhjicwksrjvtzmjtof/SourcePackages/checkouts/Satin/Sources/SatinCore/include -I/Users/ACdesk/Library/Developer/Xcode/DerivedData/MetalSplat-exhxvadxofhhjicwksrjvtzmjtof/Build/Intermediates.noindex/Satin.build/Debug-iphoneos/SatinCore.build/DerivedSources-normal/arm64 -I/Users/ACdesk/Library/Developer/Xcode/DerivedData/MetalSplat-exhxvadxofhhjicwksrjvtzmjtof/Build/Intermediates.noindex/Satin.build/Debug-iphoneos/SatinCore.build/DerivedSources/arm64 -I/Users/ACdesk/Library/Developer/Xcode/DerivedData/MetalSplat-exhxvadxofhhjicwksrjvtzmjtof/Build/Intermediates.noindex/Satin.build/Debug-iphoneos/SatinCore.build/DerivedSources -F/Users/ACdesk/Library/Developer/Xcode/DerivedData/MetalSplat-exhxvadxofhhjicwksrjvtzmjtof/Build/Products/Debug-iphoneos -iframework /Applications/Xcode.app/Contents/Developer/Platforms/iPhoneOS.platform/Developer/Library/Frameworks -iframework /Applications/Xcode.app/Contents/Developer/Platforms/iPhoneOS.platform/Developer/SDKs/iPhoneOS26.2.sdk/Developer/Library/Frameworks -DXcode

WriteAuxiliaryFile /Users/ACdesk/Library/Developer/Xcode/DerivedData/MetalSplat-exhxvadxofhhjicwksrjvtzmjtof/Build/Intermediates.noindex/Satin.build/Debug-iphoneos/SatinCore.build/Objects-normal/arm64/SatinCore.LinkFileList (in target 'SatinCore' from project 'Satin')
    cd /Users/ACdesk/Library/Developer/Xcode/DerivedData/MetalSplat-exhxvadxofhhjicwksrjvtzmjtof/SourcePackages/checkouts/Satin
    write-file /Users/ACdesk/Library/Developer/Xcode/DerivedData/MetalSplat-exhxvadxofhhjicwksrjvtzmjtof/Build/Intermediates.noindex/Satin.build/Debug-iphoneos/SatinCore.build/Objects-normal/arm64/SatinCore.LinkFileList

WriteAuxiliaryFile /Users/ACdesk/Library/Developer/Xcode/DerivedData/MetalSplat-exhxvadxofhhjicwksrjvtzmjtof/Build/Intermediates.noindex/Satin.build/Debug-iphoneos/Satin.build/Satin.DependencyStaticMetadataFileList (in target 'Satin' from project 'Satin')
    cd /Users/ACdesk/Library/Developer/Xcode/DerivedData/MetalSplat-exhxvadxofhhjicwksrjvtzmjtof/SourcePackages/checkouts/Satin
    write-file /Users/ACdesk/Library/Developer/Xcode/DerivedData/MetalSplat-exhxvadxofhhjicwksrjvtzmjtof/Build/Intermediates.noindex/Satin.build/Debug-iphoneos/Satin.build/Satin.DependencyStaticMetadataFileList

WriteAuxiliaryFile /Users/ACdesk/Library/Developer/Xcode/DerivedData/MetalSplat-exhxvadxofhhjicwksrjvtzmjtof/Build/Intermediates.noindex/Satin.build/Debug-iphoneos/Satin.build/Satin.DependencyMetadataFileList (in target 'Satin' from project 'Satin')
    cd /Users/ACdesk/Library/Developer/Xcode/DerivedData/MetalSplat-exhxvadxofhhjicwksrjvtzmjtof/SourcePackages/checkouts/Satin
    write-file /Users/ACdesk/Library/Developer/Xcode/DerivedData/MetalSplat-exhxvadxofhhjicwksrjvtzmjtof/Build/Intermediates.noindex/Satin.build/Debug-iphoneos/Satin.build/Satin.DependencyMetadataFileList

WriteAuxiliaryFile /Users/ACdesk/Library/Developer/Xcode/DerivedData/MetalSplat-exhxvadxofhhjicwksrjvtzmjtof/Build/Intermediates.noindex/Satin.build/Debug-iphoneos/Satin.build/Objects-normal/arm64/Satin_const_extract_protocols.json (in target 'Satin' from project 'Satin')
    cd /Users/ACdesk/Library/Developer/Xcode/DerivedData/MetalSplat-exhxvadxofhhjicwksrjvtzmjtof/SourcePackages/checkouts/Satin
    write-file /Users/ACdesk/Library/Developer/Xcode/DerivedData/MetalSplat-exhxvadxofhhjicwksrjvtzmjtof/Build/Intermediates.noindex/Satin.build/Debug-iphoneos/Satin.build/Objects-normal/arm64/Satin_const_extract_protocols.json

WriteAuxiliaryFile /Users/ACdesk/Library/Developer/Xcode/DerivedData/MetalSplat-exhxvadxofhhjicwksrjvtzmjtof/Build/Intermediates.noindex/Satin.build/Debug-iphoneos/Satin.build/Objects-normal/arm64/Satin.SwiftFileList (in target 'Satin' from project 'Satin')
    cd /Users/ACdesk/Library/Developer/Xcode/DerivedData/MetalSplat-exhxvadxofhhjicwksrjvtzmjtof/SourcePackages/checkouts/Satin
    write-file /Users/ACdesk/Library/Developer/Xcode/DerivedData/MetalSplat-exhxvadxofhhjicwksrjvtzmjtof/Build/Intermediates.noindex/Satin.build/Debug-iphoneos/Satin.build/Objects-normal/arm64/Satin.SwiftFileList

Copy /Users/ACdesk/Library/Developer/Xcode/DerivedData/MetalSplat-exhxvadxofhhjicwksrjvtzmjtof/Build/Intermediates.noindex/GeneratedModuleMaps-iphoneos/SatinCore.modulemap /Users/ACdesk/Library/Developer/Xcode/DerivedData/MetalSplat-exhxvadxofhhjicwksrjvtzmjtof/Build/Intermediates.noindex/Satin.build/Debug-iphoneos/SatinCore.build/SatinCore.modulemap (in target 'SatinCore' from project 'Satin')
    cd /Users/ACdesk/Library/Developer/Xcode/DerivedData/MetalSplat-exhxvadxofhhjicwksrjvtzmjtof/SourcePackages/checkouts/Satin
    builtin-copy -exclude .DS_Store -exclude CVS -exclude .svn -exclude .git -exclude .hg -resolve-src-symlinks /Users/ACdesk/Library/Developer/Xcode/DerivedData/MetalSplat-exhxvadxofhhjicwksrjvtzmjtof/Build/Intermediates.noindex/Satin.build/Debug-iphoneos/SatinCore.build/SatinCore.modulemap /Users/ACdesk/Library/Developer/Xcode/DerivedData/MetalSplat-exhxvadxofhhjicwksrjvtzmjtof/Build/Intermediates.noindex/GeneratedModuleMaps-iphoneos

WriteAuxiliaryFile /Users/ACdesk/Library/Developer/Xcode/DerivedData/MetalSplat-exhxvadxofhhjicwksrjvtzmjtof/Build/Intermediates.noindex/Satin.build/Debug-iphoneos/Satin.build/Objects-normal/arm64/Satin.SwiftConstValuesFileList (in target 'Satin' from project 'Satin')
    cd /Users/ACdesk/Library/Developer/Xcode/DerivedData/MetalSplat-exhxvadxofhhjicwksrjvtzmjtof/SourcePackages/checkouts/Satin
    write-file /Users/ACdesk/Library/Developer/Xcode/DerivedData/MetalSplat-exhxvadxofhhjicwksrjvtzmjtof/Build/Intermediates.noindex/Satin.build/Debug-iphoneos/Satin.build/Objects-normal/arm64/Satin.SwiftConstValuesFileList

WriteAuxiliaryFile /Users/ACdesk/Library/Developer/Xcode/DerivedData/MetalSplat-exhxvadxofhhjicwksrjvtzmjtof/Build/Intermediates.noindex/Satin.build/Debug-iphoneos/Satin.build/Objects-normal/arm64/Satin.LinkFileList (in target 'Satin' from project 'Satin')
    cd /Users/ACdesk/Library/Developer/Xcode/DerivedData/MetalSplat-exhxvadxofhhjicwksrjvtzmjtof/SourcePackages/checkouts/Satin
    write-file /Users/ACdesk/Library/Developer/Xcode/DerivedData/MetalSplat-exhxvadxofhhjicwksrjvtzmjtof/Build/Intermediates.noindex/Satin.build/Debug-iphoneos/Satin.build/Objects-normal/arm64/Satin.LinkFileList

WriteAuxiliaryFile /Users/ACdesk/Library/Developer/Xcode/DerivedData/MetalSplat-exhxvadxofhhjicwksrjvtzmjtof/Build/Intermediates.noindex/Satin.build/Debug-iphoneos/Satin.build/Objects-normal/arm64/Satin-OutputFileMap.json (in target 'Satin' from project 'Satin')
    cd /Users/ACdesk/Library/Developer/Xcode/DerivedData/MetalSplat-exhxvadxofhhjicwksrjvtzmjtof/SourcePackages/checkouts/Satin
    write-file /Users/ACdesk/Library/Developer/Xcode/DerivedData/MetalSplat-exhxvadxofhhjicwksrjvtzmjtof/Build/Intermediates.noindex/Satin.build/Debug-iphoneos/Satin.build/Objects-normal/arm64/Satin-OutputFileMap.json

WriteAuxiliaryFile /Users/ACdesk/Library/Developer/Xcode/DerivedData/MetalSplat-exhxvadxofhhjicwksrjvtzmjtof/Build/Intermediates.noindex/Satin.build/Debug-iphoneos/Satin.build/DerivedSources/resource_bundle_accessor.swift (in target 'Satin' from project 'Satin')
    cd /Users/ACdesk/Library/Developer/Xcode/DerivedData/MetalSplat-exhxvadxofhhjicwksrjvtzmjtof/SourcePackages/checkouts/Satin
    write-file /Users/ACdesk/Library/Developer/Xcode/DerivedData/MetalSplat-exhxvadxofhhjicwksrjvtzmjtof/Build/Intermediates.noindex/Satin.build/Debug-iphoneos/Satin.build/DerivedSources/resource_bundle_accessor.swift

Copy /Users/ACdesk/Library/Developer/Xcode/DerivedData/MetalSplat-exhxvadxofhhjicwksrjvtzmjtof/Build/Intermediates.noindex/GeneratedModuleMaps-iphoneos/Satin.modulemap /Users/ACdesk/Library/Developer/Xcode/DerivedData/MetalSplat-exhxvadxofhhjicwksrjvtzmjtof/Build/Intermediates.noindex/Satin.build/Debug-iphoneos/Satin.build/Satin.modulemap (in target 'Satin' from project 'Satin')
    cd /Users/ACdesk/Library/Developer/Xcode/DerivedData/MetalSplat-exhxvadxofhhjicwksrjvtzmjtof/SourcePackages/checkouts/Satin
    builtin-copy -exclude .DS_Store -exclude CVS -exclude .svn -exclude .git -exclude .hg -resolve-src-symlinks /Users/ACdesk/Library/Developer/Xcode/DerivedData/MetalSplat-exhxvadxofhhjicwksrjvtzmjtof/Build/Intermediates.noindex/Satin.build/Debug-iphoneos/Satin.build/Satin.modulemap /Users/ACdesk/Library/Developer/Xcode/DerivedData/MetalSplat-exhxvadxofhhjicwksrjvtzmjtof/Build/Intermediates.noindex/GeneratedModuleMaps-iphoneos

WriteAuxiliaryFile /Users/ACdesk/Library/Developer/Xcode/DerivedData/MetalSplat-exhxvadxofhhjicwksrjvtzmjtof/Build/Intermediates.noindex/MetalSplat.build/Debug-iphoneos/MetalSplat.build/Objects-normal/arm64/MetalSplat-OutputFileMap.json (in target 'MetalSplat' from project 'MetalSplat')
    cd /Users/ACdesk/Desktop/iosViewer_Amartya\'sRepo/VideoGS_IOS_Viewer
    write-file /Users/ACdesk/Library/Developer/Xcode/DerivedData/MetalSplat-exhxvadxofhhjicwksrjvtzmjtof/Build/Intermediates.noindex/MetalSplat.build/Debug-iphoneos/MetalSplat.build/Objects-normal/arm64/MetalSplat-OutputFileMap.json

WriteAuxiliaryFile /Users/ACdesk/Library/Developer/Xcode/DerivedData/MetalSplat-exhxvadxofhhjicwksrjvtzmjtof/Build/Intermediates.noindex/MetalSplat.build/Debug-iphoneos/MetalSplat.build/MetalSplat.hmap (in target 'MetalSplat' from project 'MetalSplat')
    cd /Users/ACdesk/Desktop/iosViewer_Amartya\'sRepo/VideoGS_IOS_Viewer
    write-file /Users/ACdesk/Library/Developer/Xcode/DerivedData/MetalSplat-exhxvadxofhhjicwksrjvtzmjtof/Build/Intermediates.noindex/MetalSplat.build/Debug-iphoneos/MetalSplat.build/MetalSplat.hmap

WriteAuxiliaryFile /Users/ACdesk/Library/Developer/Xcode/DerivedData/MetalSplat-exhxvadxofhhjicwksrjvtzmjtof/Build/Intermediates.noindex/MetalSplat.build/Debug-iphoneos/MetalSplat.build/MetalSplat.DependencyStaticMetadataFileList (in target 'MetalSplat' from project 'MetalSplat')
    cd /Users/ACdesk/Desktop/iosViewer_Amartya\'sRepo/VideoGS_IOS_Viewer
    write-file /Users/ACdesk/Library/Developer/Xcode/DerivedData/MetalSplat-exhxvadxofhhjicwksrjvtzmjtof/Build/Intermediates.noindex/MetalSplat.build/Debug-iphoneos/MetalSplat.build/MetalSplat.DependencyStaticMetadataFileList

WriteAuxiliaryFile /Users/ACdesk/Library/Developer/Xcode/DerivedData/MetalSplat-exhxvadxofhhjicwksrjvtzmjtof/Build/Intermediates.noindex/MetalSplat.build/Debug-iphoneos/MetalSplat.build/MetalSplat.DependencyMetadataFileList (in target 'MetalSplat' from project 'MetalSplat')
    cd /Users/ACdesk/Desktop/iosViewer_Amartya\'sRepo/VideoGS_IOS_Viewer
    write-file /Users/ACdesk/Library/Developer/Xcode/DerivedData/MetalSplat-exhxvadxofhhjicwksrjvtzmjtof/Build/Intermediates.noindex/MetalSplat.build/Debug-iphoneos/MetalSplat.build/MetalSplat.DependencyMetadataFileList

WriteAuxiliaryFile /Users/ACdesk/Library/Developer/Xcode/DerivedData/MetalSplat-exhxvadxofhhjicwksrjvtzmjtof/Build/Intermediates.noindex/MetalSplat.build/Debug-iphoneos/MetalSplat.build/MetalSplat-project-headers.hmap (in target 'MetalSplat' from project 'MetalSplat')
    cd /Users/ACdesk/Desktop/iosViewer_Amartya\'sRepo/VideoGS_IOS_Viewer
    write-file /Users/ACdesk/Library/Developer/Xcode/DerivedData/MetalSplat-exhxvadxofhhjicwksrjvtzmjtof/Build/Intermediates.noindex/MetalSplat.build/Debug-iphoneos/MetalSplat.build/MetalSplat-project-headers.hmap

WriteAuxiliaryFile /Users/ACdesk/Library/Developer/Xcode/DerivedData/MetalSplat-exhxvadxofhhjicwksrjvtzmjtof/Build/Intermediates.noindex/MetalSplat.build/Debug-iphoneos/MetalSplat.build/MetalSplat-own-target-headers.hmap (in target 'MetalSplat' from project 'MetalSplat')
    cd /Users/ACdesk/Desktop/iosViewer_Amartya\'sRepo/VideoGS_IOS_Viewer
    write-file /Users/ACdesk/Library/Developer/Xcode/DerivedData/MetalSplat-exhxvadxofhhjicwksrjvtzmjtof/Build/Intermediates.noindex/MetalSplat.build/Debug-iphoneos/MetalSplat.build/MetalSplat-own-target-headers.hmap

WriteAuxiliaryFile /Users/ACdesk/Library/Developer/Xcode/DerivedData/MetalSplat-exhxvadxofhhjicwksrjvtzmjtof/Build/Intermediates.noindex/MetalSplat.build/Debug-iphoneos/MetalSplat.build/MetalSplat-generated-files.hmap (in target 'MetalSplat' from project 'MetalSplat')
    cd /Users/ACdesk/Desktop/iosViewer_Amartya\'sRepo/VideoGS_IOS_Viewer
    write-file /Users/ACdesk/Library/Developer/Xcode/DerivedData/MetalSplat-exhxvadxofhhjicwksrjvtzmjtof/Build/Intermediates.noindex/MetalSplat.build/Debug-iphoneos/MetalSplat.build/MetalSplat-generated-files.hmap

WriteAuxiliaryFile /Users/ACdesk/Library/Developer/Xcode/DerivedData/MetalSplat-exhxvadxofhhjicwksrjvtzmjtof/Build/Intermediates.noindex/MetalSplat.build/Debug-iphoneos/MetalSplat.build/MetalSplat-all-target-headers.hmap (in target 'MetalSplat' from project 'MetalSplat')
    cd /Users/ACdesk/Desktop/iosViewer_Amartya\'sRepo/VideoGS_IOS_Viewer
    write-file /Users/ACdesk/Library/Developer/Xcode/DerivedData/MetalSplat-exhxvadxofhhjicwksrjvtzmjtof/Build/Intermediates.noindex/MetalSplat.build/Debug-iphoneos/MetalSplat.build/MetalSplat-all-target-headers.hmap

WriteAuxiliaryFile /Users/ACdesk/Library/Developer/Xcode/DerivedData/MetalSplat-exhxvadxofhhjicwksrjvtzmjtof/Build/Intermediates.noindex/MetalSplat.build/Debug-iphoneos/MetalSplat.build/MetalSplat-all-non-framework-target-headers.hmap (in target 'MetalSplat' from project 'MetalSplat')
    cd /Users/ACdesk/Desktop/iosViewer_Amartya\'sRepo/VideoGS_IOS_Viewer
    write-file /Users/ACdesk/Library/Developer/Xcode/DerivedData/MetalSplat-exhxvadxofhhjicwksrjvtzmjtof/Build/Intermediates.noindex/MetalSplat.build/Debug-iphoneos/MetalSplat.build/MetalSplat-all-non-framework-target-headers.hmap

WriteAuxiliaryFile /Users/ACdesk/Library/Developer/Xcode/DerivedData/MetalSplat-exhxvadxofhhjicwksrjvtzmjtof/Build/Intermediates.noindex/MetalSplat.build/Debug-iphoneos/MetalSplat.build/MetalSplat-DebugDylibPath-normal-arm64.txt (in target 'MetalSplat' from project 'MetalSplat')
    cd /Users/ACdesk/Desktop/iosViewer_Amartya\'sRepo/VideoGS_IOS_Viewer
    write-file /Users/ACdesk/Library/Developer/Xcode/DerivedData/MetalSplat-exhxvadxofhhjicwksrjvtzmjtof/Build/Intermediates.noindex/MetalSplat.build/Debug-iphoneos/MetalSplat.build/MetalSplat-DebugDylibPath-normal-arm64.txt

WriteAuxiliaryFile /Users/ACdesk/Library/Developer/Xcode/DerivedData/MetalSplat-exhxvadxofhhjicwksrjvtzmjtof/Build/Intermediates.noindex/MetalSplat.build/Debug-iphoneos/MetalSplat.build/MetalSplat-DebugDylibInstallName-normal-arm64.txt (in target 'MetalSplat' from project 'MetalSplat')
    cd /Users/ACdesk/Desktop/iosViewer_Amartya\'sRepo/VideoGS_IOS_Viewer
    write-file /Users/ACdesk/Library/Developer/Xcode/DerivedData/MetalSplat-exhxvadxofhhjicwksrjvtzmjtof/Build/Intermediates.noindex/MetalSplat.build/Debug-iphoneos/MetalSplat.build/MetalSplat-DebugDylibInstallName-normal-arm64.txt

WriteAuxiliaryFile /Users/ACdesk/Library/Developer/Xcode/DerivedData/MetalSplat-exhxvadxofhhjicwksrjvtzmjtof/Build/Intermediates.noindex/MetalSplat.build/Debug-iphoneos/MetalSplat.build/DerivedSources/Entitlements.plist (in target 'MetalSplat' from project 'MetalSplat')
    cd /Users/ACdesk/Desktop/iosViewer_Amartya\'sRepo/VideoGS_IOS_Viewer
    write-file /Users/ACdesk/Library/Developer/Xcode/DerivedData/MetalSplat-exhxvadxofhhjicwksrjvtzmjtof/Build/Intermediates.noindex/MetalSplat.build/Debug-iphoneos/MetalSplat.build/DerivedSources/Entitlements.plist

WriteAuxiliaryFile /Users/ACdesk/Library/Developer/Xcode/DerivedData/MetalSplat-exhxvadxofhhjicwksrjvtzmjtof/Build/Intermediates.noindex/Forge.build/Debug-iphoneos/Forge.build/Objects-normal/arm64/Forge.SwiftFileList (in target 'Forge' from project 'Forge')
    cd /Users/ACdesk/Library/Developer/Xcode/DerivedData/MetalSplat-exhxvadxofhhjicwksrjvtzmjtof/SourcePackages/checkouts/Forge
    write-file /Users/ACdesk/Library/Developer/Xcode/DerivedData/MetalSplat-exhxvadxofhhjicwksrjvtzmjtof/Build/Intermediates.noindex/Forge.build/Debug-iphoneos/Forge.build/Objects-normal/arm64/Forge.SwiftFileList

WriteAuxiliaryFile /Users/ACdesk/Library/Developer/Xcode/DerivedData/MetalSplat-exhxvadxofhhjicwksrjvtzmjtof/Build/Intermediates.noindex/Forge.build/Debug-iphoneos/Forge.build/Objects-normal/arm64/Forge.SwiftConstValuesFileList (in target 'Forge' from project 'Forge')
    cd /Users/ACdesk/Library/Developer/Xcode/DerivedData/MetalSplat-exhxvadxofhhjicwksrjvtzmjtof/SourcePackages/checkouts/Forge
    write-file /Users/ACdesk/Library/Developer/Xcode/DerivedData/MetalSplat-exhxvadxofhhjicwksrjvtzmjtof/Build/Intermediates.noindex/Forge.build/Debug-iphoneos/Forge.build/Objects-normal/arm64/Forge.SwiftConstValuesFileList

WriteAuxiliaryFile /Users/ACdesk/Library/Developer/Xcode/DerivedData/MetalSplat-exhxvadxofhhjicwksrjvtzmjtof/Build/Intermediates.noindex/Forge.build/Debug-iphoneos/Forge.build/Objects-normal/arm64/Forge.LinkFileList (in target 'Forge' from project 'Forge')
    cd /Users/ACdesk/Library/Developer/Xcode/DerivedData/MetalSplat-exhxvadxofhhjicwksrjvtzmjtof/SourcePackages/checkouts/Forge
    write-file /Users/ACdesk/Library/Developer/Xcode/DerivedData/MetalSplat-exhxvadxofhhjicwksrjvtzmjtof/Build/Intermediates.noindex/Forge.build/Debug-iphoneos/Forge.build/Objects-normal/arm64/Forge.LinkFileList

WriteAuxiliaryFile /Users/ACdesk/Library/Developer/Xcode/DerivedData/MetalSplat-exhxvadxofhhjicwksrjvtzmjtof/Build/Intermediates.noindex/Forge.build/Debug-iphoneos/Forge.build/Objects-normal/arm64/Forge-OutputFileMap.json (in target 'Forge' from project 'Forge')
    cd /Users/ACdesk/Library/Developer/Xcode/DerivedData/MetalSplat-exhxvadxofhhjicwksrjvtzmjtof/SourcePackages/checkouts/Forge
    write-file /Users/ACdesk/Library/Developer/Xcode/DerivedData/MetalSplat-exhxvadxofhhjicwksrjvtzmjtof/Build/Intermediates.noindex/Forge.build/Debug-iphoneos/Forge.build/Objects-normal/arm64/Forge-OutputFileMap.json

WriteAuxiliaryFile /Users/ACdesk/Library/Developer/Xcode/DerivedData/MetalSplat-exhxvadxofhhjicwksrjvtzmjtof/Build/Intermediates.noindex/Forge.build/Debug-iphoneos/Forge.build/Forge.modulemap (in target 'Forge' from project 'Forge')
    cd /Users/ACdesk/Library/Developer/Xcode/DerivedData/MetalSplat-exhxvadxofhhjicwksrjvtzmjtof/SourcePackages/checkouts/Forge
    write-file /Users/ACdesk/Library/Developer/Xcode/DerivedData/MetalSplat-exhxvadxofhhjicwksrjvtzmjtof/Build/Intermediates.noindex/Forge.build/Debug-iphoneos/Forge.build/Forge.modulemap

WriteAuxiliaryFile /Users/ACdesk/Library/Developer/Xcode/DerivedData/MetalSplat-exhxvadxofhhjicwksrjvtzmjtof/Build/Intermediates.noindex/Forge.build/Debug-iphoneos/Forge.build/Forge.DependencyStaticMetadataFileList (in target 'Forge' from project 'Forge')
    cd /Users/ACdesk/Library/Developer/Xcode/DerivedData/MetalSplat-exhxvadxofhhjicwksrjvtzmjtof/SourcePackages/checkouts/Forge
    write-file /Users/ACdesk/Library/Developer/Xcode/DerivedData/MetalSplat-exhxvadxofhhjicwksrjvtzmjtof/Build/Intermediates.noindex/Forge.build/Debug-iphoneos/Forge.build/Forge.DependencyStaticMetadataFileList

WriteAuxiliaryFile /Users/ACdesk/Library/Developer/Xcode/DerivedData/MetalSplat-exhxvadxofhhjicwksrjvtzmjtof/Build/Intermediates.noindex/Forge.build/Debug-iphoneos/Forge.build/Forge.DependencyMetadataFileList (in target 'Forge' from project 'Forge')
    cd /Users/ACdesk/Library/Developer/Xcode/DerivedData/MetalSplat-exhxvadxofhhjicwksrjvtzmjtof/SourcePackages/checkouts/Forge
    write-file /Users/ACdesk/Library/Developer/Xcode/DerivedData/MetalSplat-exhxvadxofhhjicwksrjvtzmjtof/Build/Intermediates.noindex/Forge.build/Debug-iphoneos/Forge.build/Forge.DependencyMetadataFileList

MkDir /Users/ACdesk/Library/Developer/Xcode/DerivedData/MetalSplat-exhxvadxofhhjicwksrjvtzmjtof/Build/Products/Debug-iphoneos/Satin_Satin.bundle (in target 'Satin_Satin' from project 'Satin')
    cd /Users/ACdesk/Library/Developer/Xcode/DerivedData/MetalSplat-exhxvadxofhhjicwksrjvtzmjtof/SourcePackages/checkouts/Satin
    /bin/mkdir -p /Users/ACdesk/Library/Developer/Xcode/DerivedData/MetalSplat-exhxvadxofhhjicwksrjvtzmjtof/Build/Products/Debug-iphoneos/Satin_Satin.bundle

MkDir /Users/ACdesk/Library/Developer/Xcode/DerivedData/MetalSplat-exhxvadxofhhjicwksrjvtzmjtof/Build/Products/Debug-iphoneos/MetalSplat.app (in target 'MetalSplat' from project 'MetalSplat')
    cd /Users/ACdesk/Desktop/iosViewer_Amartya\'sRepo/VideoGS_IOS_Viewer
    /bin/mkdir -p /Users/ACdesk/Library/Developer/Xcode/DerivedData/MetalSplat-exhxvadxofhhjicwksrjvtzmjtof/Build/Products/Debug-iphoneos/MetalSplat.app

Copy /Users/ACdesk/Library/Developer/Xcode/DerivedData/MetalSplat-exhxvadxofhhjicwksrjvtzmjtof/Build/Intermediates.noindex/GeneratedModuleMaps-iphoneos/Forge.modulemap /Users/ACdesk/Library/Developer/Xcode/DerivedData/MetalSplat-exhxvadxofhhjicwksrjvtzmjtof/Build/Intermediates.noindex/Forge.build/Debug-iphoneos/Forge.build/Forge.modulemap (in target 'Forge' from project 'Forge')
    cd /Users/ACdesk/Library/Developer/Xcode/DerivedData/MetalSplat-exhxvadxofhhjicwksrjvtzmjtof/SourcePackages/checkouts/Forge
    builtin-copy -exclude .DS_Store -exclude CVS -exclude .svn -exclude .git -exclude .hg -resolve-src-symlinks /Users/ACdesk/Library/Developer/Xcode/DerivedData/MetalSplat-exhxvadxofhhjicwksrjvtzmjtof/Build/Intermediates.noindex/Forge.build/Debug-iphoneos/Forge.build/Forge.modulemap /Users/ACdesk/Library/Developer/Xcode/DerivedData/MetalSplat-exhxvadxofhhjicwksrjvtzmjtof/Build/Intermediates.noindex/GeneratedModuleMaps-iphoneos

ProcessInfoPlistFile /Users/ACdesk/Library/Developer/Xcode/DerivedData/MetalSplat-exhxvadxofhhjicwksrjvtzmjtof/Build/Products/Debug-iphoneos/Satin_Satin.bundle/Info.plist /Users/ACdesk/Library/Developer/Xcode/DerivedData/MetalSplat-exhxvadxofhhjicwksrjvtzmjtof/Build/Intermediates.noindex/Satin.build/Debug-iphoneos/Satin_Satin.build/empty-Satin_Satin.plist (in target 'Satin_Satin' from project 'Satin')
    cd /Users/ACdesk/Library/Developer/Xcode/DerivedData/MetalSplat-exhxvadxofhhjicwksrjvtzmjtof/SourcePackages/checkouts/Satin
    builtin-infoPlistUtility /Users/ACdesk/Library/Developer/Xcode/DerivedData/MetalSplat-exhxvadxofhhjicwksrjvtzmjtof/Build/Intermediates.noindex/Satin.build/Debug-iphoneos/Satin_Satin.build/empty-Satin_Satin.plist -producttype com.apple.product-type.bundle -expandbuildsettings -format binary -platform iphoneos -requiredArchitecture arm64 -o /Users/ACdesk/Library/Developer/Xcode/DerivedData/MetalSplat-exhxvadxofhhjicwksrjvtzmjtof/Build/Products/Debug-iphoneos/Satin_Satin.bundle/Info.plist

CpResource /Users/ACdesk/Library/Developer/Xcode/DerivedData/MetalSplat-exhxvadxofhhjicwksrjvtzmjtof/Build/Products/Debug-iphoneos/Satin_Satin.bundle/Pipelines /Users/ACdesk/Library/Developer/Xcode/DerivedData/MetalSplat-exhxvadxofhhjicwksrjvtzmjtof/SourcePackages/checkouts/Satin/Sources/Satin/Pipelines (in target 'Satin_Satin' from project 'Satin')
    cd /Users/ACdesk/Library/Developer/Xcode/DerivedData/MetalSplat-exhxvadxofhhjicwksrjvtzmjtof/SourcePackages/checkouts/Satin
    builtin-copy -exclude .DS_Store -exclude CVS -exclude .svn -exclude .git -exclude .hg -resolve-src-symlinks /Users/ACdesk/Library/Developer/Xcode/DerivedData/MetalSplat-exhxvadxofhhjicwksrjvtzmjtof/SourcePackages/checkouts/Satin/Sources/Satin/Pipelines /Users/ACdesk/Library/Developer/Xcode/DerivedData/MetalSplat-exhxvadxofhhjicwksrjvtzmjtof/Build/Products/Debug-iphoneos/Satin_Satin.bundle

RegisterExecutionPolicyException /Users/ACdesk/Library/Developer/Xcode/DerivedData/MetalSplat-exhxvadxofhhjicwksrjvtzmjtof/Build/Products/Debug-iphoneos/Satin_Satin.bundle (in target 'Satin_Satin' from project 'Satin')
    cd /Users/ACdesk/Library/Developer/Xcode/DerivedData/MetalSplat-exhxvadxofhhjicwksrjvtzmjtof/SourcePackages/checkouts/Satin
    builtin-RegisterExecutionPolicyException /Users/ACdesk/Library/Developer/Xcode/DerivedData/MetalSplat-exhxvadxofhhjicwksrjvtzmjtof/Build/Products/Debug-iphoneos/Satin_Satin.bundle

Touch /Users/ACdesk/Library/Developer/Xcode/DerivedData/MetalSplat-exhxvadxofhhjicwksrjvtzmjtof/Build/Products/Debug-iphoneos/Satin_Satin.bundle (in target 'Satin_Satin' from project 'Satin')
    cd /Users/ACdesk/Library/Developer/Xcode/DerivedData/MetalSplat-exhxvadxofhhjicwksrjvtzmjtof/SourcePackages/checkouts/Satin
    /usr/bin/touch -c /Users/ACdesk/Library/Developer/Xcode/DerivedData/MetalSplat-exhxvadxofhhjicwksrjvtzmjtof/Build/Products/Debug-iphoneos/Satin_Satin.bundle

CompileC /Users/ACdesk/Library/Developer/Xcode/DerivedData/MetalSplat-exhxvadxofhhjicwksrjvtzmjtof/Build/Intermediates.noindex/Satin.build/Debug-iphoneos/SatinCore.build/Objects-normal/arm64/Transforms.o /Users/ACdesk/Library/Developer/Xcode/DerivedData/MetalSplat-exhxvadxofhhjicwksrjvtzmjtof/SourcePackages/checkouts/Satin/Sources/SatinCore/Transforms.mm normal arm64 objective-c++ com.apple.compilers.llvm.clang.1_0.compiler (in target 'SatinCore' from project 'Satin')
    cd /Users/ACdesk/Desktop/iosViewer_Amartya\'sRepo/VideoGS_IOS_Viewer/MetalSplat.xcodeproj
    
    Using response file: /Users/ACdesk/Library/Developer/Xcode/DerivedData/MetalSplat-exhxvadxofhhjicwksrjvtzmjtof/Build/Intermediates.noindex/Satin.build/Debug-iphoneos/SatinCore.build/Objects-normal/arm64/af3fcb34312c57c0f52879cdce924b91-common-args.resp
    
    /Applications/Xcode.app/Contents/Developer/Toolchains/XcodeDefault.xctoolchain/usr/bin/clang -x objective-c++ -ivfsstatcache /Users/ACdesk/Library/Developer/Xcode/DerivedData/SDKStatCaches.noindex/iphoneos26.2-23C53-3885c01c3e6b6a337905948deab2002e3794476bd08197c3e2abd9bb477ef7f7.sdkstatcache -fmessage-length\=0 -fdiagnostics-show-note-include-stack -fmacro-backtrace-limit\=0 -fno-color-diagnostics -fmodules-prune-interval\=86400 -fmodules-prune-after\=345600 -fbuild-session-file\=/Users/ACdesk/Library/Developer/Xcode/DerivedData/ModuleCache.noindex/Session.modulevalidation -fmodules-validate-once-per-build-session -Wnon-modular-include-in-framework-module -Werror\=non-modular-include-in-framework-module -Wno-trigraphs -Wno-missing-field-initializers -Wno-missing-prototypes -Wno-return-type -Wno-implicit-atomic-properties -Wno-objc-interface-ivars -Wno-arc-repeated-use-of-weak -Wno-non-virtual-dtor -Wno-overloaded-virtual -Wno-exit-time-destructors -Wno-missing-braces -Wparentheses -Wswitch -Wno-unused-function -Wno-unused-label -Wno-unused-parameter -Wno-unused-variable -Wunused-value -Wno-empty-body -Wno-uninitialized -Wno-unknown-pragmas -w -Wno-shadow -Wno-four-char-constants -Wno-conversion -Wno-constant-conversion -Wno-int-conversion -Wno-bool-conversion -Wno-enum-conversion -Wno-float-conversion -Wno-non-literal-null-conversion -Wno-objc-literal-conversion -Wshorten-64-to-32 -Wno-newline-eof -Wno-selector -Wno-strict-selector-match -Wno-undeclared-selector -Wno-deprecated-implementations -Wno-c++11-extensions -Wno-implicit-fallthrough -fstrict-aliasing -Wprotocol -Wdeprecated-declarations -Winvalid-offsetof -Wno-sign-conversion -Wno-infinite-recursion -Wno-move -Wno-comma -Wno-block-capture-autoreleasing -Wno-strict-prototypes -Wno-range-loop-analysis -Wno-semicolon-before-method-body -index-store-path /Users/ACdesk/Library/Developer/Xcode/DerivedData/MetalSplat-exhxvadxofhhjicwksrjvtzmjtof/Index.noindex/DataStore @/Users/ACdesk/Library/Developer/Xcode/DerivedData/MetalSplat-exhxvadxofhhjicwksrjvtzmjtof/Build/Intermediates.noindex/Satin.build/Debug-iphoneos/SatinCore.build/Objects-normal/arm64/af3fcb34312c57c0f52879cdce924b91-common-args.resp -MMD -MT dependencies -MF /Users/ACdesk/Library/Developer/Xcode/DerivedData/MetalSplat-exhxvadxofhhjicwksrjvtzmjtof/Build/Intermediates.noindex/Satin.build/Debug-iphoneos/SatinCore.build/Objects-normal/arm64/Transforms.d --serialize-diagnostics /Users/ACdesk/Library/Developer/Xcode/DerivedData/MetalSplat-exhxvadxofhhjicwksrjvtzmjtof/Build/Intermediates.noindex/Satin.build/Debug-iphoneos/SatinCore.build/Objects-normal/arm64/Transforms.dia -c /Users/ACdesk/Library/Developer/Xcode/DerivedData/MetalSplat-exhxvadxofhhjicwksrjvtzmjtof/SourcePackages/checkouts/Satin/Sources/SatinCore/Transforms.mm -o /Users/ACdesk/Library/Developer/Xcode/DerivedData/MetalSplat-exhxvadxofhhjicwksrjvtzmjtof/Build/Intermediates.noindex/Satin.build/Debug-iphoneos/SatinCore.build/Objects-normal/arm64/Transforms.o -index-unit-output-path /Satin.build/Debug-iphoneos/SatinCore.build/Objects-normal/arm64/Transforms.o

CompileC /Users/ACdesk/Library/Developer/Xcode/DerivedData/MetalSplat-exhxvadxofhhjicwksrjvtzmjtof/Build/Intermediates.noindex/Satin.build/Debug-iphoneos/SatinCore.build/Objects-normal/arm64/Triangulator.o /Users/ACdesk/Library/Developer/Xcode/DerivedData/MetalSplat-exhxvadxofhhjicwksrjvtzmjtof/SourcePackages/checkouts/Satin/Sources/SatinCore/Triangulator.mm normal arm64 objective-c++ com.apple.compilers.llvm.clang.1_0.compiler (in target 'SatinCore' from project 'Satin')
    cd /Users/ACdesk/Desktop/iosViewer_Amartya\'sRepo/VideoGS_IOS_Viewer/MetalSplat.xcodeproj
    
    Using response file: /Users/ACdesk/Library/Developer/Xcode/DerivedData/MetalSplat-exhxvadxofhhjicwksrjvtzmjtof/Build/Intermediates.noindex/Satin.build/Debug-iphoneos/SatinCore.build/Objects-normal/arm64/af3fcb34312c57c0f52879cdce924b91-common-args.resp
    
    /Applications/Xcode.app/Contents/Developer/Toolchains/XcodeDefault.xctoolchain/usr/bin/clang -x objective-c++ -ivfsstatcache /Users/ACdesk/Library/Developer/Xcode/DerivedData/SDKStatCaches.noindex/iphoneos26.2-23C53-3885c01c3e6b6a337905948deab2002e3794476bd08197c3e2abd9bb477ef7f7.sdkstatcache -fmessage-length\=0 -fdiagnostics-show-note-include-stack -fmacro-backtrace-limit\=0 -fno-color-diagnostics -fmodules-prune-interval\=86400 -fmodules-prune-after\=345600 -fbuild-session-file\=/Users/ACdesk/Library/Developer/Xcode/DerivedData/ModuleCache.noindex/Session.modulevalidation -fmodules-validate-once-per-build-session -Wnon-modular-include-in-framework-module -Werror\=non-modular-include-in-framework-module -Wno-trigraphs -Wno-missing-field-initializers -Wno-missing-prototypes -Wno-return-type -Wno-implicit-atomic-properties -Wno-objc-interface-ivars -Wno-arc-repeated-use-of-weak -Wno-non-virtual-dtor -Wno-overloaded-virtual -Wno-exit-time-destructors -Wno-missing-braces -Wparentheses -Wswitch -Wno-unused-function -Wno-unused-label -Wno-unused-parameter -Wno-unused-variable -Wunused-value -Wno-empty-body -Wno-uninitialized -Wno-unknown-pragmas -w -Wno-shadow -Wno-four-char-constants -Wno-conversion -Wno-constant-conversion -Wno-int-conversion -Wno-bool-conversion -Wno-enum-conversion -Wno-float-conversion -Wno-non-literal-null-conversion -Wno-objc-literal-conversion -Wshorten-64-to-32 -Wno-newline-eof -Wno-selector -Wno-strict-selector-match -Wno-undeclared-selector -Wno-deprecated-implementations -Wno-c++11-extensions -Wno-implicit-fallthrough -fstrict-aliasing -Wprotocol -Wdeprecated-declarations -Winvalid-offsetof -Wno-sign-conversion -Wno-infinite-recursion -Wno-move -Wno-comma -Wno-block-capture-autoreleasing -Wno-strict-prototypes -Wno-range-loop-analysis -Wno-semicolon-before-method-body -index-store-path /Users/ACdesk/Library/Developer/Xcode/DerivedData/MetalSplat-exhxvadxofhhjicwksrjvtzmjtof/Index.noindex/DataStore @/Users/ACdesk/Library/Developer/Xcode/DerivedData/MetalSplat-exhxvadxofhhjicwksrjvtzmjtof/Build/Intermediates.noindex/Satin.build/Debug-iphoneos/SatinCore.build/Objects-normal/arm64/af3fcb34312c57c0f52879cdce924b91-common-args.resp -MMD -MT dependencies -MF /Users/ACdesk/Library/Developer/Xcode/DerivedData/MetalSplat-exhxvadxofhhjicwksrjvtzmjtof/Build/Intermediates.noindex/Satin.build/Debug-iphoneos/SatinCore.build/Objects-normal/arm64/Triangulator.d --serialize-diagnostics /Users/ACdesk/Library/Developer/Xcode/DerivedData/MetalSplat-exhxvadxofhhjicwksrjvtzmjtof/Build/Intermediates.noindex/Satin.build/Debug-iphoneos/SatinCore.build/Objects-normal/arm64/Triangulator.dia -c /Users/ACdesk/Library/Developer/Xcode/DerivedData/MetalSplat-exhxvadxofhhjicwksrjvtzmjtof/SourcePackages/checkouts/Satin/Sources/SatinCore/Triangulator.mm -o /Users/ACdesk/Library/Developer/Xcode/DerivedData/MetalSplat-exhxvadxofhhjicwksrjvtzmjtof/Build/Intermediates.noindex/Satin.build/Debug-iphoneos/SatinCore.build/Objects-normal/arm64/Triangulator.o -index-unit-output-path /Satin.build/Debug-iphoneos/SatinCore.build/Objects-normal/arm64/Triangulator.o
/Users/ACdesk/Library/Developer/Xcode/DerivedData/MetalSplat-exhxvadxofhhjicwksrjvtzmjtof/SourcePackages/checkouts/Satin/Sources/SatinCore/Triangulator.mm:604:47: error: non-constant-expression cannot be narrowed from type 'int' to 'uint32_t' (aka 'unsigned int') in initializer list [-Wc++11-narrowing]
  604 |                     (TriangleIndices) { .i0 = v1->index, .i1 = v2->index, .i2 = v3->index };
      |                                               ^~~~~~~~~
/Users/ACdesk/Library/Developer/Xcode/DerivedData/MetalSplat-exhxvadxofhhjicwksrjvtzmjtof/SourcePackages/checkouts/Satin/Sources/SatinCore/Triangulator.mm:604:47: note: insert an explicit cast to silence this issue
  604 |                     (TriangleIndices) { .i0 = v1->index, .i1 = v2->index, .i2 = v3->index };
      |                                               ^~~~~~~~~
      |                                               static_cast<uint32_t>( )
/Users/ACdesk/Library/Developer/Xcode/DerivedData/MetalSplat-exhxvadxofhhjicwksrjvtzmjtof/SourcePackages/checkouts/Satin/Sources/SatinCore/Triangulator.mm:604:64: error: non-constant-expression cannot be narrowed from type 'int' to 'uint32_t' (aka 'unsigned int') in initializer list [-Wc++11-narrowing]
  604 |                     (TriangleIndices) { .i0 = v1->index, .i1 = v2->index, .i2 = v3->index };
      |                                                                ^~~~~~~~~
/Users/ACdesk/Library/Developer/Xcode/DerivedData/MetalSplat-exhxvadxofhhjicwksrjvtzmjtof/SourcePackages/checkouts/Satin/Sources/SatinCore/Triangulator.mm:604:64: note: insert an explicit cast to silence this issue
  604 |                     (TriangleIndices) { .i0 = v1->index, .i1 = v2->index, .i2 = v3->index };
      |                                                                ^~~~~~~~~
      |                                                                static_cast<uint32_t>( )
/Users/ACdesk/Library/Developer/Xcode/DerivedData/MetalSplat-exhxvadxofhhjicwksrjvtzmjtof/SourcePackages/checkouts/Satin/Sources/SatinCore/Triangulator.mm:604:81: error: non-constant-expression cannot be narrowed from type 'int' to 'uint32_t' (aka 'unsigned int') in initializer list [-Wc++11-narrowing]
  604 |                     (TriangleIndices) { .i0 = v1->index, .i1 = v2->index, .i2 = v3->index };
      |                                                                                 ^~~~~~~~~
/Users/ACdesk/Library/Developer/Xcode/DerivedData/MetalSplat-exhxvadxofhhjicwksrjvtzmjtof/SourcePackages/checkouts/Satin/Sources/SatinCore/Triangulator.mm:604:81: note: insert an explicit cast to silence this issue
  604 |                     (TriangleIndices) { .i0 = v1->index, .i1 = v2->index, .i2 = v3->index };
      |                                                                                 ^~~~~~~~~
      |                                                                                 static_cast<uint32_t>( )
/Users/ACdesk/Library/Developer/Xcode/DerivedData/MetalSplat-exhxvadxofhhjicwksrjvtzmjtof/SourcePackages/checkouts/Satin/Sources/SatinCore/Triangulator.mm:648:35: error: non-constant-expression cannot be narrowed from type 'int' to 'uint32_t' (aka 'unsigned int') in initializer list [-Wc++11-narrowing]
  648 |         (TriangleIndices) { .i0 = v1->index, .i1 = v2->index, .i2 = v3->index };
      |                                   ^~~~~~~~~
/Users/ACdesk/Library/Developer/Xcode/DerivedData/MetalSplat-exhxvadxofhhjicwksrjvtzmjtof/SourcePackages/checkouts/Satin/Sources/SatinCore/Triangulator.mm:648:35: note: insert an explicit cast to silence this issue
  648 |         (TriangleIndices) { .i0 = v1->index, .i1 = v2->index, .i2 = v3->index };
      |                                   ^~~~~~~~~
      |                                   static_cast<uint32_t>( )
/Users/ACdesk/Library/Developer/Xcode/DerivedData/MetalSplat-exhxvadxofhhjicwksrjvtzmjtof/SourcePackages/checkouts/Satin/Sources/SatinCore/Triangulator.mm:648:52: error: non-constant-expression cannot be narrowed from type 'int' to 'uint32_t' (aka 'unsigned int') in initializer list [-Wc++11-narrowing]
  648 |         (TriangleIndices) { .i0 = v1->index, .i1 = v2->index, .i2 = v3->index };
      |                                                    ^~~~~~~~~
/Users/ACdesk/Library/Developer/Xcode/DerivedData/MetalSplat-exhxvadxofhhjicwksrjvtzmjtof/SourcePackages/checkouts/Satin/Sources/SatinCore/Triangulator.mm:648:52: note: insert an explicit cast to silence this issue
  648 |         (TriangleIndices) { .i0 = v1->index, .i1 = v2->index, .i2 = v3->index };
      |                                                    ^~~~~~~~~
      |                                                    static_cast<uint32_t>( )
/Users/ACdesk/Library/Developer/Xcode/DerivedData/MetalSplat-exhxvadxofhhjicwksrjvtzmjtof/SourcePackages/checkouts/Satin/Sources/SatinCore/Triangulator.mm:648:69: error: non-constant-expression cannot be narrowed from type 'int' to 'uint32_t' (aka 'unsigned int') in initializer list [-Wc++11-narrowing]
  648 |         (TriangleIndices) { .i0 = v1->index, .i1 = v2->index, .i2 = v3->index };
      |                                                                     ^~~~~~~~~
/Users/ACdesk/Library/Developer/Xcode/DerivedData/MetalSplat-exhxvadxofhhjicwksrjvtzmjtof/SourcePackages/checkouts/Satin/Sources/SatinCore/Triangulator.mm:648:69: note: insert an explicit cast to silence this issue
  648 |         (TriangleIndices) { .i0 = v1->index, .i1 = v2->index, .i2 = v3->index };
      |                                                                     ^~~~~~~~~
      |                                                                     static_cast<uint32_t>( )
/Users/ACdesk/Library/Developer/Xcode/DerivedData/MetalSplat-exhxvadxofhhjicwksrjvtzmjtof/SourcePackages/checkouts/Satin/Sources/SatinCore/Triangulator.mm:735:46: error: non-constant-expression cannot be narrowed from type 'uint32_t' (aka 'unsigned int') to 'int' in initializer list [-Wc++11-narrowing]
  735 |         structure[i] = (tsVertex) { .index = index,
      |                                              ^~~~~
/Users/ACdesk/Library/Developer/Xcode/DerivedData/MetalSplat-exhxvadxofhhjicwksrjvtzmjtof/SourcePackages/checkouts/Satin/Sources/SatinCore/Triangulator.mm:735:46: note: insert an explicit cast to silence this issue
  735 |         structure[i] = (tsVertex) { .index = index,
      |                                              ^~~~~
      |                                              static_cast<int>( )
7 errors generated.

CompileC /Users/ACdesk/Library/Developer/Xcode/DerivedData/MetalSplat-exhxvadxofhhjicwksrjvtzmjtof/Build/Intermediates.noindex/Satin.build/Debug-iphoneos/SatinCore.build/Objects-normal/arm64/Types.o /Users/ACdesk/Library/Developer/Xcode/DerivedData/MetalSplat-exhxvadxofhhjicwksrjvtzmjtof/SourcePackages/checkouts/Satin/Sources/SatinCore/Types.mm normal arm64 objective-c++ com.apple.compilers.llvm.clang.1_0.compiler (in target 'SatinCore' from project 'Satin')
    cd /Users/ACdesk/Desktop/iosViewer_Amartya\'sRepo/VideoGS_IOS_Viewer/MetalSplat.xcodeproj
    
    Using response file: /Users/ACdesk/Library/Developer/Xcode/DerivedData/MetalSplat-exhxvadxofhhjicwksrjvtzmjtof/Build/Intermediates.noindex/Satin.build/Debug-iphoneos/SatinCore.build/Objects-normal/arm64/af3fcb34312c57c0f52879cdce924b91-common-args.resp
    
    /Applications/Xcode.app/Contents/Developer/Toolchains/XcodeDefault.xctoolchain/usr/bin/clang -x objective-c++ -ivfsstatcache /Users/ACdesk/Library/Developer/Xcode/DerivedData/SDKStatCaches.noindex/iphoneos26.2-23C53-3885c01c3e6b6a337905948deab2002e3794476bd08197c3e2abd9bb477ef7f7.sdkstatcache -fmessage-length\=0 -fdiagnostics-show-note-include-stack -fmacro-backtrace-limit\=0 -fno-color-diagnostics -fmodules-prune-interval\=86400 -fmodules-prune-after\=345600 -fbuild-session-file\=/Users/ACdesk/Library/Developer/Xcode/DerivedData/ModuleCache.noindex/Session.modulevalidation -fmodules-validate-once-per-build-session -Wnon-modular-include-in-framework-module -Werror\=non-modular-include-in-framework-module -Wno-trigraphs -Wno-missing-field-initializers -Wno-missing-prototypes -Wno-return-type -Wno-implicit-atomic-properties -Wno-objc-interface-ivars -Wno-arc-repeated-use-of-weak -Wno-non-virtual-dtor -Wno-overloaded-virtual -Wno-exit-time-destructors -Wno-missing-braces -Wparentheses -Wswitch -Wno-unused-function -Wno-unused-label -Wno-unused-parameter -Wno-unused-variable -Wunused-value -Wno-empty-body -Wno-uninitialized -Wno-unknown-pragmas -w -Wno-shadow -Wno-four-char-constants -Wno-conversion -Wno-constant-conversion -Wno-int-conversion -Wno-bool-conversion -Wno-enum-conversion -Wno-float-conversion -Wno-non-literal-null-conversion -Wno-objc-literal-conversion -Wshorten-64-to-32 -Wno-newline-eof -Wno-selector -Wno-strict-selector-match -Wno-undeclared-selector -Wno-deprecated-implementations -Wno-c++11-extensions -Wno-implicit-fallthrough -fstrict-aliasing -Wprotocol -Wdeprecated-declarations -Winvalid-offsetof -Wno-sign-conversion -Wno-infinite-recursion -Wno-move -Wno-comma -Wno-block-capture-autoreleasing -Wno-strict-prototypes -Wno-range-loop-analysis -Wno-semicolon-before-method-body -index-store-path /Users/ACdesk/Library/Developer/Xcode/DerivedData/MetalSplat-exhxvadxofhhjicwksrjvtzmjtof/Index.noindex/DataStore @/Users/ACdesk/Library/Developer/Xcode/DerivedData/MetalSplat-exhxvadxofhhjicwksrjvtzmjtof/Build/Intermediates.noindex/Satin.build/Debug-iphoneos/SatinCore.build/Objects-normal/arm64/af3fcb34312c57c0f52879cdce924b91-common-args.resp -MMD -MT dependencies -MF /Users/ACdesk/Library/Developer/Xcode/DerivedData/MetalSplat-exhxvadxofhhjicwksrjvtzmjtof/Build/Intermediates.noindex/Satin.build/Debug-iphoneos/SatinCore.build/Objects-normal/arm64/Types.d --serialize-diagnostics /Users/ACdesk/Library/Developer/Xcode/DerivedData/MetalSplat-exhxvadxofhhjicwksrjvtzmjtof/Build/Intermediates.noindex/Satin.build/Debug-iphoneos/SatinCore.build/Objects-normal/arm64/Types.dia -c /Users/ACdesk/Library/Developer/Xcode/DerivedData/MetalSplat-exhxvadxofhhjicwksrjvtzmjtof/SourcePackages/checkouts/Satin/Sources/SatinCore/Types.mm -o /Users/ACdesk/Library/Developer/Xcode/DerivedData/MetalSplat-exhxvadxofhhjicwksrjvtzmjtof/Build/Intermediates.noindex/Satin.build/Debug-iphoneos/SatinCore.build/Objects-normal/arm64/Types.o -index-unit-output-path /Satin.build/Debug-iphoneos/SatinCore.build/Objects-normal/arm64/Types.o

CompileC /Users/ACdesk/Library/Developer/Xcode/DerivedData/MetalSplat-exhxvadxofhhjicwksrjvtzmjtof/Build/Intermediates.noindex/Satin.build/Debug-iphoneos/SatinCore.build/Objects-normal/arm64/Rectangle.o /Users/ACdesk/Library/Developer/Xcode/DerivedData/MetalSplat-exhxvadxofhhjicwksrjvtzmjtof/SourcePackages/checkouts/Satin/Sources/SatinCore/Rectangle.mm normal arm64 objective-c++ com.apple.compilers.llvm.clang.1_0.compiler (in target 'SatinCore' from project 'Satin')
    cd /Users/ACdesk/Desktop/iosViewer_Amartya\'sRepo/VideoGS_IOS_Viewer/MetalSplat.xcodeproj
    
    Using response file: /Users/ACdesk/Library/Developer/Xcode/DerivedData/MetalSplat-exhxvadxofhhjicwksrjvtzmjtof/Build/Intermediates.noindex/Satin.build/Debug-iphoneos/SatinCore.build/Objects-normal/arm64/af3fcb34312c57c0f52879cdce924b91-common-args.resp
    
    /Applications/Xcode.app/Contents/Developer/Toolchains/XcodeDefault.xctoolchain/usr/bin/clang -x objective-c++ -ivfsstatcache /Users/ACdesk/Library/Developer/Xcode/DerivedData/SDKStatCaches.noindex/iphoneos26.2-23C53-3885c01c3e6b6a337905948deab2002e3794476bd08197c3e2abd9bb477ef7f7.sdkstatcache -fmessage-length\=0 -fdiagnostics-show-note-include-stack -fmacro-backtrace-limit\=0 -fno-color-diagnostics -fmodules-prune-interval\=86400 -fmodules-prune-after\=345600 -fbuild-session-file\=/Users/ACdesk/Library/Developer/Xcode/DerivedData/ModuleCache.noindex/Session.modulevalidation -fmodules-validate-once-per-build-session -Wnon-modular-include-in-framework-module -Werror\=non-modular-include-in-framework-module -Wno-trigraphs -Wno-missing-field-initializers -Wno-missing-prototypes -Wno-return-type -Wno-implicit-atomic-properties -Wno-objc-interface-ivars -Wno-arc-repeated-use-of-weak -Wno-non-virtual-dtor -Wno-overloaded-virtual -Wno-exit-time-destructors -Wno-missing-braces -Wparentheses -Wswitch -Wno-unused-function -Wno-unused-label -Wno-unused-parameter -Wno-unused-variable -Wunused-value -Wno-empty-body -Wno-uninitialized -Wno-unknown-pragmas -w -Wno-shadow -Wno-four-char-constants -Wno-conversion -Wno-constant-conversion -Wno-int-conversion -Wno-bool-conversion -Wno-enum-conversion -Wno-float-conversion -Wno-non-literal-null-conversion -Wno-objc-literal-conversion -Wshorten-64-to-32 -Wno-newline-eof -Wno-selector -Wno-strict-selector-match -Wno-undeclared-selector -Wno-deprecated-implementations -Wno-c++11-extensions -Wno-implicit-fallthrough -fstrict-aliasing -Wprotocol -Wdeprecated-declarations -Winvalid-offsetof -Wno-sign-conversion -Wno-infinite-recursion -Wno-move -Wno-comma -Wno-block-capture-autoreleasing -Wno-strict-prototypes -Wno-range-loop-analysis -Wno-semicolon-before-method-body -index-store-path /Users/ACdesk/Library/Developer/Xcode/DerivedData/MetalSplat-exhxvadxofhhjicwksrjvtzmjtof/Index.noindex/DataStore @/Users/ACdesk/Library/Developer/Xcode/DerivedData/MetalSplat-exhxvadxofhhjicwksrjvtzmjtof/Build/Intermediates.noindex/Satin.build/Debug-iphoneos/SatinCore.build/Objects-normal/arm64/af3fcb34312c57c0f52879cdce924b91-common-args.resp -MMD -MT dependencies -MF /Users/ACdesk/Library/Developer/Xcode/DerivedData/MetalSplat-exhxvadxofhhjicwksrjvtzmjtof/Build/Intermediates.noindex/Satin.build/Debug-iphoneos/SatinCore.build/Objects-normal/arm64/Rectangle.d --serialize-diagnostics /Users/ACdesk/Library/Developer/Xcode/DerivedData/MetalSplat-exhxvadxofhhjicwksrjvtzmjtof/Build/Intermediates.noindex/Satin.build/Debug-iphoneos/SatinCore.build/Objects-normal/arm64/Rectangle.dia -c /Users/ACdesk/Library/Developer/Xcode/DerivedData/MetalSplat-exhxvadxofhhjicwksrjvtzmjtof/SourcePackages/checkouts/Satin/Sources/SatinCore/Rectangle.mm -o /Users/ACdesk/Library/Developer/Xcode/DerivedData/MetalSplat-exhxvadxofhhjicwksrjvtzmjtof/Build/Intermediates.noindex/Satin.build/Debug-iphoneos/SatinCore.build/Objects-normal/arm64/Rectangle.o -index-unit-output-path /Satin.build/Debug-iphoneos/SatinCore.build/Objects-normal/arm64/Rectangle.o

CompileC /Users/ACdesk/Library/Developer/Xcode/DerivedData/MetalSplat-exhxvadxofhhjicwksrjvtzmjtof/Build/Intermediates.noindex/Satin.build/Debug-iphoneos/SatinCore.build/Objects-normal/arm64/Hermite.o /Users/ACdesk/Library/Developer/Xcode/DerivedData/MetalSplat-exhxvadxofhhjicwksrjvtzmjtof/SourcePackages/checkouts/Satin/Sources/SatinCore/Hermite.mm normal arm64 objective-c++ com.apple.compilers.llvm.clang.1_0.compiler (in target 'SatinCore' from project 'Satin')
    cd /Users/ACdesk/Desktop/iosViewer_Amartya\'sRepo/VideoGS_IOS_Viewer/MetalSplat.xcodeproj
    
    Using response file: /Users/ACdesk/Library/Developer/Xcode/DerivedData/MetalSplat-exhxvadxofhhjicwksrjvtzmjtof/Build/Intermediates.noindex/Satin.build/Debug-iphoneos/SatinCore.build/Objects-normal/arm64/af3fcb34312c57c0f52879cdce924b91-common-args.resp
    
    /Applications/Xcode.app/Contents/Developer/Toolchains/XcodeDefault.xctoolchain/usr/bin/clang -x objective-c++ -ivfsstatcache /Users/ACdesk/Library/Developer/Xcode/DerivedData/SDKStatCaches.noindex/iphoneos26.2-23C53-3885c01c3e6b6a337905948deab2002e3794476bd08197c3e2abd9bb477ef7f7.sdkstatcache -fmessage-length\=0 -fdiagnostics-show-note-include-stack -fmacro-backtrace-limit\=0 -fno-color-diagnostics -fmodules-prune-interval\=86400 -fmodules-prune-after\=345600 -fbuild-session-file\=/Users/ACdesk/Library/Developer/Xcode/DerivedData/ModuleCache.noindex/Session.modulevalidation -fmodules-validate-once-per-build-session -Wnon-modular-include-in-framework-module -Werror\=non-modular-include-in-framework-module -Wno-trigraphs -Wno-missing-field-initializers -Wno-missing-prototypes -Wno-return-type -Wno-implicit-atomic-properties -Wno-objc-interface-ivars -Wno-arc-repeated-use-of-weak -Wno-non-virtual-dtor -Wno-overloaded-virtual -Wno-exit-time-destructors -Wno-missing-braces -Wparentheses -Wswitch -Wno-unused-function -Wno-unused-label -Wno-unused-parameter -Wno-unused-variable -Wunused-value -Wno-empty-body -Wno-uninitialized -Wno-unknown-pragmas -w -Wno-shadow -Wno-four-char-constants -Wno-conversion -Wno-constant-conversion -Wno-int-conversion -Wno-bool-conversion -Wno-enum-conversion -Wno-float-conversion -Wno-non-literal-null-conversion -Wno-objc-literal-conversion -Wshorten-64-to-32 -Wno-newline-eof -Wno-selector -Wno-strict-selector-match -Wno-undeclared-selector -Wno-deprecated-implementations -Wno-c++11-extensions -Wno-implicit-fallthrough -fstrict-aliasing -Wprotocol -Wdeprecated-declarations -Winvalid-offsetof -Wno-sign-conversion -Wno-infinite-recursion -Wno-move -Wno-comma -Wno-block-capture-autoreleasing -Wno-strict-prototypes -Wno-range-loop-analysis -Wno-semicolon-before-method-body -index-store-path /Users/ACdesk/Library/Developer/Xcode/DerivedData/MetalSplat-exhxvadxofhhjicwksrjvtzmjtof/Index.noindex/DataStore @/Users/ACdesk/Library/Developer/Xcode/DerivedData/MetalSplat-exhxvadxofhhjicwksrjvtzmjtof/Build/Intermediates.noindex/Satin.build/Debug-iphoneos/SatinCore.build/Objects-normal/arm64/af3fcb34312c57c0f52879cdce924b91-common-args.resp -MMD -MT dependencies -MF /Users/ACdesk/Library/Developer/Xcode/DerivedData/MetalSplat-exhxvadxofhhjicwksrjvtzmjtof/Build/Intermediates.noindex/Satin.build/Debug-iphoneos/SatinCore.build/Objects-normal/arm64/Hermite.d --serialize-diagnostics /Users/ACdesk/Library/Developer/Xcode/DerivedData/MetalSplat-exhxvadxofhhjicwksrjvtzmjtof/Build/Intermediates.noindex/Satin.build/Debug-iphoneos/SatinCore.build/Objects-normal/arm64/Hermite.dia -c /Users/ACdesk/Library/Developer/Xcode/DerivedData/MetalSplat-exhxvadxofhhjicwksrjvtzmjtof/SourcePackages/checkouts/Satin/Sources/SatinCore/Hermite.mm -o /Users/ACdesk/Library/Developer/Xcode/DerivedData/MetalSplat-exhxvadxofhhjicwksrjvtzmjtof/Build/Intermediates.noindex/Satin.build/Debug-iphoneos/SatinCore.build/Objects-normal/arm64/Hermite.o -index-unit-output-path /Satin.build/Debug-iphoneos/SatinCore.build/Objects-normal/arm64/Hermite.o

SwiftDriver Satin normal arm64 com.apple.xcode.tools.swift.compiler (in target 'Satin' from project 'Satin')
    cd /Users/ACdesk/Desktop/iosViewer_Amartya\'sRepo/VideoGS_IOS_Viewer/MetalSplat.xcodeproj
    builtin-SwiftDriver -- /Applications/Xcode.app/Contents/Developer/Toolchains/XcodeDefault.xctoolchain/usr/bin/swiftc -module-name Satin -Onone -enforce-exclusivity\=checked @/Users/ACdesk/Library/Developer/Xcode/DerivedData/MetalSplat-exhxvadxofhhjicwksrjvtzmjtof/Build/Intermediates.noindex/Satin.build/Debug-iphoneos/Satin.build/Objects-normal/arm64/Satin.SwiftFileList -DSWIFT_PACKAGE -DDEBUG -DSWIFT_MODULE_RESOURCE_BUNDLE_AVAILABLE -Xcc -fmodule-map-file\=/Users/ACdesk/Library/Developer/Xcode/DerivedData/MetalSplat-exhxvadxofhhjicwksrjvtzmjtof/Build/Intermediates.noindex/GeneratedModuleMaps-iphoneos/SatinCore.modulemap -DXcode -plugin-path /Applications/Xcode.app/Contents/Developer/Toolchains/XcodeDefault.xctoolchain/usr/lib/swift/host/plugins/testing -enable-experimental-feature DebugDescriptionMacro -sdk /Applications/Xcode.app/Contents/Developer/Platforms/iPhoneOS.platform/Developer/SDKs/iPhoneOS26.2.sdk -target arm64-apple-ios13.0 -g -module-cache-path /Users/ACdesk/Library/Developer/Xcode/DerivedData/ModuleCache.noindex -Xfrontend -serialize-debugging-options -enable-testing -suppress-warnings -index-store-path /Users/ACdesk/Library/Developer/Xcode/DerivedData/MetalSplat-exhxvadxofhhjicwksrjvtzmjtof/Index.noindex/DataStore -Xcc -D_LIBCPP_HARDENING_MODE\=_LIBCPP_HARDENING_MODE_DEBUG -swift-version 5 -I /Users/ACdesk/Library/Developer/Xcode/DerivedData/MetalSplat-exhxvadxofhhjicwksrjvtzmjtof/Build/Products/Debug-iphoneos -Isystem /Applications/Xcode.app/Contents/Developer/Platforms/iPhoneOS.platform/Developer/usr/lib -F /Users/ACdesk/Library/Developer/Xcode/DerivedData/MetalSplat-exhxvadxofhhjicwksrjvtzmjtof/Build/Products/Debug-iphoneos/PackageFrameworks -F /Users/ACdesk/Library/Developer/Xcode/DerivedData/MetalSplat-exhxvadxofhhjicwksrjvtzmjtof/Build/Products/Debug-iphoneos -F /Applications/Xcode.app/Contents/Developer/Platforms/iPhoneOS.platform/Developer/Library/Frameworks -F /Applications/Xcode.app/Contents/Developer/Platforms/iPhoneOS.platform/Developer/SDKs/iPhoneOS26.2.sdk/Developer/Library/Frameworks -c -j8 -enable-batch-mode -incremental -Xcc -ivfsstatcache -Xcc /Users/ACdesk/Library/Developer/Xcode/DerivedData/SDKStatCaches.noindex/iphoneos26.2-23C53-3885c01c3e6b6a337905948deab2002e3794476bd08197c3e2abd9bb477ef7f7.sdkstatcache -output-file-map /Users/ACdesk/Library/Developer/Xcode/DerivedData/MetalSplat-exhxvadxofhhjicwksrjvtzmjtof/Build/Intermediates.noindex/Satin.build/Debug-iphoneos/Satin.build/Objects-normal/arm64/Satin-OutputFileMap.json -use-frontend-parseable-output -save-temps -no-color-diagnostics -explicit-module-build -module-cache-path /Users/ACdesk/Library/Developer/Xcode/DerivedData/MetalSplat-exhxvadxofhhjicwksrjvtzmjtof/Build/Intermediates.noindex/SwiftExplicitPrecompiledModules -clang-scanner-module-cache-path /Users/ACdesk/Library/Developer/Xcode/DerivedData/ModuleCache.noindex -sdk-module-cache-path /Users/ACdesk/Library/Developer/Xcode/DerivedData/ModuleCache.noindex -serialize-diagnostics -emit-dependencies -emit-module -emit-module-path /Users/ACdesk/Library/Developer/Xcode/DerivedData/MetalSplat-exhxvadxofhhjicwksrjvtzmjtof/Build/Intermediates.noindex/Satin.build/Debug-iphoneos/Satin.build/Objects-normal/arm64/Satin.swiftmodule -validate-clang-modules-once -clang-build-session-file /Users/ACdesk/Library/Developer/Xcode/DerivedData/ModuleCache.noindex/Session.modulevalidation -Xcc -I/Users/ACdesk/Library/Developer/Xcode/DerivedData/MetalSplat-exhxvadxofhhjicwksrjvtzmjtof/Build/Intermediates.noindex/Satin.build/Debug-iphoneos/Satin.build/swift-overrides.hmap -emit-const-values -Xfrontend -const-gather-protocols-file -Xfrontend /Users/ACdesk/Library/Developer/Xcode/DerivedData/MetalSplat-exhxvadxofhhjicwksrjvtzmjtof/Build/Intermediates.noindex/Satin.build/Debug-iphoneos/Satin.build/Objects-normal/arm64/Satin_const_extract_protocols.json -Xcc -I/Users/ACdesk/Library/Developer/Xcode/DerivedData/MetalSplat-exhxvadxofhhjicwksrjvtzmjtof/SourcePackages/checkouts/Satin/Sources/SatinCore/include -Xcc -I/Users/ACdesk/Library/Developer/Xcode/DerivedData/MetalSplat-exhxvadxofhhjicwksrjvtzmjtof/Build/Products/Debug-iphoneos/include -Xcc -I/Users/ACdesk/Library/Developer/Xcode/DerivedData/MetalSplat-exhxvadxofhhjicwksrjvtzmjtof/Build/Intermediates.noindex/Satin.build/Debug-iphoneos/Satin.build/DerivedSources-normal/arm64 -Xcc -I/Users/ACdesk/Library/Developer/Xcode/DerivedData/MetalSplat-exhxvadxofhhjicwksrjvtzmjtof/Build/Intermediates.noindex/Satin.build/Debug-iphoneos/Satin.build/DerivedSources/arm64 -Xcc -I/Users/ACdesk/Library/Developer/Xcode/DerivedData/MetalSplat-exhxvadxofhhjicwksrjvtzmjtof/Build/Intermediates.noindex/Satin.build/Debug-iphoneos/Satin.build/DerivedSources -Xcc -DSWIFT_PACKAGE -Xcc -DDEBUG\=1 -emit-objc-header -emit-objc-header-path /Users/ACdesk/Library/Developer/Xcode/DerivedData/MetalSplat-exhxvadxofhhjicwksrjvtzmjtof/Build/Intermediates.noindex/Satin.build/Debug-iphoneos/Satin.build/Objects-normal/arm64/Satin-Swift.h -working-directory /Users/ACdesk/Desktop/iosViewer_Amartya\'sRepo/VideoGS_IOS_Viewer/MetalSplat.xcodeproj -experimental-emit-module-separately -disable-cmo

SwiftDriver Forge normal arm64 com.apple.xcode.tools.swift.compiler (in target 'Forge' from project 'Forge')
    cd /Users/ACdesk/Desktop/iosViewer_Amartya\'sRepo/VideoGS_IOS_Viewer/MetalSplat.xcodeproj
    builtin-SwiftDriver -- /Applications/Xcode.app/Contents/Developer/Toolchains/XcodeDefault.xctoolchain/usr/bin/swiftc -module-name Forge -Onone -enforce-exclusivity\=checked @/Users/ACdesk/Library/Developer/Xcode/DerivedData/MetalSplat-exhxvadxofhhjicwksrjvtzmjtof/Build/Intermediates.noindex/Forge.build/Debug-iphoneos/Forge.build/Objects-normal/arm64/Forge.SwiftFileList -DSWIFT_PACKAGE -DDEBUG -DSWIFT_MODULE_RESOURCE_BUNDLE_UNAVAILABLE -DXcode -plugin-path /Applications/Xcode.app/Contents/Developer/Toolchains/XcodeDefault.xctoolchain/usr/lib/swift/host/plugins/testing -enable-experimental-feature DebugDescriptionMacro -sdk /Applications/Xcode.app/Contents/Developer/Platforms/iPhoneOS.platform/Developer/SDKs/iPhoneOS26.2.sdk -target arm64-apple-ios13.0 -g -module-cache-path /Users/ACdesk/Library/Developer/Xcode/DerivedData/ModuleCache.noindex -Xfrontend -serialize-debugging-options -enable-testing -suppress-warnings -index-store-path /Users/ACdesk/Library/Developer/Xcode/DerivedData/MetalSplat-exhxvadxofhhjicwksrjvtzmjtof/Index.noindex/DataStore -Xcc -D_LIBCPP_HARDENING_MODE\=_LIBCPP_HARDENING_MODE_DEBUG -swift-version 5 -I /Users/ACdesk/Library/Developer/Xcode/DerivedData/MetalSplat-exhxvadxofhhjicwksrjvtzmjtof/Build/Products/Debug-iphoneos -Isystem /Applications/Xcode.app/Contents/Developer/Platforms/iPhoneOS.platform/Developer/usr/lib -F /Users/ACdesk/Library/Developer/Xcode/DerivedData/MetalSplat-exhxvadxofhhjicwksrjvtzmjtof/Build/Products/Debug-iphoneos -F /Applications/Xcode.app/Contents/Developer/Platforms/iPhoneOS.platform/Developer/Library/Frameworks -F /Applications/Xcode.app/Contents/Developer/Platforms/iPhoneOS.platform/Developer/SDKs/iPhoneOS26.2.sdk/Developer/Library/Frameworks -c -j8 -enable-batch-mode -incremental -Xcc -ivfsstatcache -Xcc /Users/ACdesk/Library/Developer/Xcode/DerivedData/SDKStatCaches.noindex/iphoneos26.2-23C53-3885c01c3e6b6a337905948deab2002e3794476bd08197c3e2abd9bb477ef7f7.sdkstatcache -output-file-map /Users/ACdesk/Library/Developer/Xcode/DerivedData/MetalSplat-exhxvadxofhhjicwksrjvtzmjtof/Build/Intermediates.noindex/Forge.build/Debug-iphoneos/Forge.build/Objects-normal/arm64/Forge-OutputFileMap.json -use-frontend-parseable-output -save-temps -no-color-diagnostics -explicit-module-build -module-cache-path /Users/ACdesk/Library/Developer/Xcode/DerivedData/MetalSplat-exhxvadxofhhjicwksrjvtzmjtof/Build/Intermediates.noindex/SwiftExplicitPrecompiledModules -clang-scanner-module-cache-path /Users/ACdesk/Library/Developer/Xcode/DerivedData/ModuleCache.noindex -sdk-module-cache-path /Users/ACdesk/Library/Developer/Xcode/DerivedData/ModuleCache.noindex -serialize-diagnostics -emit-dependencies -emit-module -emit-module-path /Users/ACdesk/Library/Developer/Xcode/DerivedData/MetalSplat-exhxvadxofhhjicwksrjvtzmjtof/Build/Intermediates.noindex/Forge.build/Debug-iphoneos/Forge.build/Objects-normal/arm64/Forge.swiftmodule -validate-clang-modules-once -clang-build-session-file /Users/ACdesk/Library/Developer/Xcode/DerivedData/ModuleCache.noindex/Session.modulevalidation -Xcc -I/Users/ACdesk/Library/Developer/Xcode/DerivedData/MetalSplat-exhxvadxofhhjicwksrjvtzmjtof/Build/Intermediates.noindex/Forge.build/Debug-iphoneos/Forge.build/swift-overrides.hmap -emit-const-values -Xfrontend -const-gather-protocols-file -Xfrontend /Users/ACdesk/Library/Developer/Xcode/DerivedData/MetalSplat-exhxvadxofhhjicwksrjvtzmjtof/Build/Intermediates.noindex/Forge.build/Debug-iphoneos/Forge.build/Objects-normal/arm64/Forge_const_extract_protocols.json -Xcc -I/Users/ACdesk/Library/Developer/Xcode/DerivedData/MetalSplat-exhxvadxofhhjicwksrjvtzmjtof/Build/Products/Debug-iphoneos/include -Xcc -I/Users/ACdesk/Library/Developer/Xcode/DerivedData/MetalSplat-exhxvadxofhhjicwksrjvtzmjtof/Build/Intermediates.noindex/Forge.build/Debug-iphoneos/Forge.build/DerivedSources-normal/arm64 -Xcc -I/Users/ACdesk/Library/Developer/Xcode/DerivedData/MetalSplat-exhxvadxofhhjicwksrjvtzmjtof/Build/Intermediates.noindex/Forge.build/Debug-iphoneos/Forge.build/DerivedSources/arm64 -Xcc -I/Users/ACdesk/Library/Developer/Xcode/DerivedData/MetalSplat-exhxvadxofhhjicwksrjvtzmjtof/Build/Intermediates.noindex/Forge.build/Debug-iphoneos/Forge.build/DerivedSources -Xcc -DSWIFT_PACKAGE -Xcc -DDEBUG\=1 -emit-objc-header -emit-objc-header-path /Users/ACdesk/Library/Developer/Xcode/DerivedData/MetalSplat-exhxvadxofhhjicwksrjvtzmjtof/Build/Intermediates.noindex/Forge.build/Debug-iphoneos/Forge.build/Objects-normal/arm64/Forge-Swift.h -working-directory /Users/ACdesk/Desktop/iosViewer_Amartya\'sRepo/VideoGS_IOS_Viewer/MetalSplat.xcodeproj -experimental-emit-module-separately -disable-cmo

CompileC /Users/ACdesk/Library/Developer/Xcode/DerivedData/MetalSplat-exhxvadxofhhjicwksrjvtzmjtof/Build/Intermediates.noindex/Satin.build/Debug-iphoneos/SatinCore.build/Objects-normal/arm64/Geometry.o /Users/ACdesk/Library/Developer/Xcode/DerivedData/MetalSplat-exhxvadxofhhjicwksrjvtzmjtof/SourcePackages/checkouts/Satin/Sources/SatinCore/Geometry.mm normal arm64 objective-c++ com.apple.compilers.llvm.clang.1_0.compiler (in target 'SatinCore' from project 'Satin')
    cd /Users/ACdesk/Desktop/iosViewer_Amartya\'sRepo/VideoGS_IOS_Viewer/MetalSplat.xcodeproj
    
    Using response file: /Users/ACdesk/Library/Developer/Xcode/DerivedData/MetalSplat-exhxvadxofhhjicwksrjvtzmjtof/Build/Intermediates.noindex/Satin.build/Debug-iphoneos/SatinCore.build/Objects-normal/arm64/af3fcb34312c57c0f52879cdce924b91-common-args.resp
    
    /Applications/Xcode.app/Contents/Developer/Toolchains/XcodeDefault.xctoolchain/usr/bin/clang -x objective-c++ -ivfsstatcache /Users/ACdesk/Library/Developer/Xcode/DerivedData/SDKStatCaches.noindex/iphoneos26.2-23C53-3885c01c3e6b6a337905948deab2002e3794476bd08197c3e2abd9bb477ef7f7.sdkstatcache -fmessage-length\=0 -fdiagnostics-show-note-include-stack -fmacro-backtrace-limit\=0 -fno-color-diagnostics -fmodules-prune-interval\=86400 -fmodules-prune-after\=345600 -fbuild-session-file\=/Users/ACdesk/Library/Developer/Xcode/DerivedData/ModuleCache.noindex/Session.modulevalidation -fmodules-validate-once-per-build-session -Wnon-modular-include-in-framework-module -Werror\=non-modular-include-in-framework-module -Wno-trigraphs -Wno-missing-field-initializers -Wno-missing-prototypes -Wno-return-type -Wno-implicit-atomic-properties -Wno-objc-interface-ivars -Wno-arc-repeated-use-of-weak -Wno-non-virtual-dtor -Wno-overloaded-virtual -Wno-exit-time-destructors -Wno-missing-braces -Wparentheses -Wswitch -Wno-unused-function -Wno-unused-label -Wno-unused-parameter -Wno-unused-variable -Wunused-value -Wno-empty-body -Wno-uninitialized -Wno-unknown-pragmas -w -Wno-shadow -Wno-four-char-constants -Wno-conversion -Wno-constant-conversion -Wno-int-conversion -Wno-bool-conversion -Wno-enum-conversion -Wno-float-conversion -Wno-non-literal-null-conversion -Wno-objc-literal-conversion -Wshorten-64-to-32 -Wno-newline-eof -Wno-selector -Wno-strict-selector-match -Wno-undeclared-selector -Wno-deprecated-implementations -Wno-c++11-extensions -Wno-implicit-fallthrough -fstrict-aliasing -Wprotocol -Wdeprecated-declarations -Winvalid-offsetof -Wno-sign-conversion -Wno-infinite-recursion -Wno-move -Wno-comma -Wno-block-capture-autoreleasing -Wno-strict-prototypes -Wno-range-loop-analysis -Wno-semicolon-before-method-body -index-store-path /Users/ACdesk/Library/Developer/Xcode/DerivedData/MetalSplat-exhxvadxofhhjicwksrjvtzmjtof/Index.noindex/DataStore @/Users/ACdesk/Library/Developer/Xcode/DerivedData/MetalSplat-exhxvadxofhhjicwksrjvtzmjtof/Build/Intermediates.noindex/Satin.build/Debug-iphoneos/SatinCore.build/Objects-normal/arm64/af3fcb34312c57c0f52879cdce924b91-common-args.resp -MMD -MT dependencies -MF /Users/ACdesk/Library/Developer/Xcode/DerivedData/MetalSplat-exhxvadxofhhjicwksrjvtzmjtof/Build/Intermediates.noindex/Satin.build/Debug-iphoneos/SatinCore.build/Objects-normal/arm64/Geometry.d --serialize-diagnostics /Users/ACdesk/Library/Developer/Xcode/DerivedData/MetalSplat-exhxvadxofhhjicwksrjvtzmjtof/Build/Intermediates.noindex/Satin.build/Debug-iphoneos/SatinCore.build/Objects-normal/arm64/Geometry.dia -c /Users/ACdesk/Library/Developer/Xcode/DerivedData/MetalSplat-exhxvadxofhhjicwksrjvtzmjtof/SourcePackages/checkouts/Satin/Sources/SatinCore/Geometry.mm -o /Users/ACdesk/Library/Developer/Xcode/DerivedData/MetalSplat-exhxvadxofhhjicwksrjvtzmjtof/Build/Intermediates.noindex/Satin.build/Debug-iphoneos/SatinCore.build/Objects-normal/arm64/Geometry.o -index-unit-output-path /Satin.build/Debug-iphoneos/SatinCore.build/Objects-normal/arm64/Geometry.o

CompileC /Users/ACdesk/Library/Developer/Xcode/DerivedData/MetalSplat-exhxvadxofhhjicwksrjvtzmjtof/Build/Intermediates.noindex/Satin.build/Debug-iphoneos/SatinCore.build/Objects-normal/arm64/Generators.o /Users/ACdesk/Library/Developer/Xcode/DerivedData/MetalSplat-exhxvadxofhhjicwksrjvtzmjtof/SourcePackages/checkouts/Satin/Sources/SatinCore/Generators.mm normal arm64 objective-c++ com.apple.compilers.llvm.clang.1_0.compiler (in target 'SatinCore' from project 'Satin')
    cd /Users/ACdesk/Desktop/iosViewer_Amartya\'sRepo/VideoGS_IOS_Viewer/MetalSplat.xcodeproj
    
    Using response file: /Users/ACdesk/Library/Developer/Xcode/DerivedData/MetalSplat-exhxvadxofhhjicwksrjvtzmjtof/Build/Intermediates.noindex/Satin.build/Debug-iphoneos/SatinCore.build/Objects-normal/arm64/af3fcb34312c57c0f52879cdce924b91-common-args.resp
    
    /Applications/Xcode.app/Contents/Developer/Toolchains/XcodeDefault.xctoolchain/usr/bin/clang -x objective-c++ -ivfsstatcache /Users/ACdesk/Library/Developer/Xcode/DerivedData/SDKStatCaches.noindex/iphoneos26.2-23C53-3885c01c3e6b6a337905948deab2002e3794476bd08197c3e2abd9bb477ef7f7.sdkstatcache -fmessage-length\=0 -fdiagnostics-show-note-include-stack -fmacro-backtrace-limit\=0 -fno-color-diagnostics -fmodules-prune-interval\=86400 -fmodules-prune-after\=345600 -fbuild-session-file\=/Users/ACdesk/Library/Developer/Xcode/DerivedData/ModuleCache.noindex/Session.modulevalidation -fmodules-validate-once-per-build-session -Wnon-modular-include-in-framework-module -Werror\=non-modular-include-in-framework-module -Wno-trigraphs -Wno-missing-field-initializers -Wno-missing-prototypes -Wno-return-type -Wno-implicit-atomic-properties -Wno-objc-interface-ivars -Wno-arc-repeated-use-of-weak -Wno-non-virtual-dtor -Wno-overloaded-virtual -Wno-exit-time-destructors -Wno-missing-braces -Wparentheses -Wswitch -Wno-unused-function -Wno-unused-label -Wno-unused-parameter -Wno-unused-variable -Wunused-value -Wno-empty-body -Wno-uninitialized -Wno-unknown-pragmas -w -Wno-shadow -Wno-four-char-constants -Wno-conversion -Wno-constant-conversion -Wno-int-conversion -Wno-bool-conversion -Wno-enum-conversion -Wno-float-conversion -Wno-non-literal-null-conversion -Wno-objc-literal-conversion -Wshorten-64-to-32 -Wno-newline-eof -Wno-selector -Wno-strict-selector-match -Wno-undeclared-selector -Wno-deprecated-implementations -Wno-c++11-extensions -Wno-implicit-fallthrough -fstrict-aliasing -Wprotocol -Wdeprecated-declarations -Winvalid-offsetof -Wno-sign-conversion -Wno-infinite-recursion -Wno-move -Wno-comma -Wno-block-capture-autoreleasing -Wno-strict-prototypes -Wno-range-loop-analysis -Wno-semicolon-before-method-body -index-store-path /Users/ACdesk/Library/Developer/Xcode/DerivedData/MetalSplat-exhxvadxofhhjicwksrjvtzmjtof/Index.noindex/DataStore @/Users/ACdesk/Library/Developer/Xcode/DerivedData/MetalSplat-exhxvadxofhhjicwksrjvtzmjtof/Build/Intermediates.noindex/Satin.build/Debug-iphoneos/SatinCore.build/Objects-normal/arm64/af3fcb34312c57c0f52879cdce924b91-common-args.resp -MMD -MT dependencies -MF /Users/ACdesk/Library/Developer/Xcode/DerivedData/MetalSplat-exhxvadxofhhjicwksrjvtzmjtof/Build/Intermediates.noindex/Satin.build/Debug-iphoneos/SatinCore.build/Objects-normal/arm64/Generators.d --serialize-diagnostics /Users/ACdesk/Library/Developer/Xcode/DerivedData/MetalSplat-exhxvadxofhhjicwksrjvtzmjtof/Build/Intermediates.noindex/Satin.build/Debug-iphoneos/SatinCore.build/Objects-normal/arm64/Generators.dia -c /Users/ACdesk/Library/Developer/Xcode/DerivedData/MetalSplat-exhxvadxofhhjicwksrjvtzmjtof/SourcePackages/checkouts/Satin/Sources/SatinCore/Generators.mm -o /Users/ACdesk/Library/Developer/Xcode/DerivedData/MetalSplat-exhxvadxofhhjicwksrjvtzmjtof/Build/Intermediates.noindex/Satin.build/Debug-iphoneos/SatinCore.build/Objects-normal/arm64/Generators.o -index-unit-output-path /Satin.build/Debug-iphoneos/SatinCore.build/Objects-normal/arm64/Generators.o

CompileC /Users/ACdesk/Library/Developer/Xcode/DerivedData/MetalSplat-exhxvadxofhhjicwksrjvtzmjtof/Build/Intermediates.noindex/Satin.build/Debug-iphoneos/SatinCore.build/Objects-normal/arm64/Conversions.o /Users/ACdesk/Library/Developer/Xcode/DerivedData/MetalSplat-exhxvadxofhhjicwksrjvtzmjtof/SourcePackages/checkouts/Satin/Sources/SatinCore/Conversions.mm normal arm64 objective-c++ com.apple.compilers.llvm.clang.1_0.compiler (in target 'SatinCore' from project 'Satin')
    cd /Users/ACdesk/Desktop/iosViewer_Amartya\'sRepo/VideoGS_IOS_Viewer/MetalSplat.xcodeproj
    
    Using response file: /Users/ACdesk/Library/Developer/Xcode/DerivedData/MetalSplat-exhxvadxofhhjicwksrjvtzmjtof/Build/Intermediates.noindex/Satin.build/Debug-iphoneos/SatinCore.build/Objects-normal/arm64/af3fcb34312c57c0f52879cdce924b91-common-args.resp
    
    /Applications/Xcode.app/Contents/Developer/Toolchains/XcodeDefault.xctoolchain/usr/bin/clang -x objective-c++ -ivfsstatcache /Users/ACdesk/Library/Developer/Xcode/DerivedData/SDKStatCaches.noindex/iphoneos26.2-23C53-3885c01c3e6b6a337905948deab2002e3794476bd08197c3e2abd9bb477ef7f7.sdkstatcache -fmessage-length\=0 -fdiagnostics-show-note-include-stack -fmacro-backtrace-limit\=0 -fno-color-diagnostics -fmodules-prune-interval\=86400 -fmodules-prune-after\=345600 -fbuild-session-file\=/Users/ACdesk/Library/Developer/Xcode/DerivedData/ModuleCache.noindex/Session.modulevalidation -fmodules-validate-once-per-build-session -Wnon-modular-include-in-framework-module -Werror\=non-modular-include-in-framework-module -Wno-trigraphs -Wno-missing-field-initializers -Wno-missing-prototypes -Wno-return-type -Wno-implicit-atomic-properties -Wno-objc-interface-ivars -Wno-arc-repeated-use-of-weak -Wno-non-virtual-dtor -Wno-overloaded-virtual -Wno-exit-time-destructors -Wno-missing-braces -Wparentheses -Wswitch -Wno-unused-function -Wno-unused-label -Wno-unused-parameter -Wno-unused-variable -Wunused-value -Wno-empty-body -Wno-uninitialized -Wno-unknown-pragmas -w -Wno-shadow -Wno-four-char-constants -Wno-conversion -Wno-constant-conversion -Wno-int-conversion -Wno-bool-conversion -Wno-enum-conversion -Wno-float-conversion -Wno-non-literal-null-conversion -Wno-objc-literal-conversion -Wshorten-64-to-32 -Wno-newline-eof -Wno-selector -Wno-strict-selector-match -Wno-undeclared-selector -Wno-deprecated-implementations -Wno-c++11-extensions -Wno-implicit-fallthrough -fstrict-aliasing -Wprotocol -Wdeprecated-declarations -Winvalid-offsetof -Wno-sign-conversion -Wno-infinite-recursion -Wno-move -Wno-comma -Wno-block-capture-autoreleasing -Wno-strict-prototypes -Wno-range-loop-analysis -Wno-semicolon-before-method-body -index-store-path /Users/ACdesk/Library/Developer/Xcode/DerivedData/MetalSplat-exhxvadxofhhjicwksrjvtzmjtof/Index.noindex/DataStore @/Users/ACdesk/Library/Developer/Xcode/DerivedData/MetalSplat-exhxvadxofhhjicwksrjvtzmjtof/Build/Intermediates.noindex/Satin.build/Debug-iphoneos/SatinCore.build/Objects-normal/arm64/af3fcb34312c57c0f52879cdce924b91-common-args.resp -MMD -MT dependencies -MF /Users/ACdesk/Library/Developer/Xcode/DerivedData/MetalSplat-exhxvadxofhhjicwksrjvtzmjtof/Build/Intermediates.noindex/Satin.build/Debug-iphoneos/SatinCore.build/Objects-normal/arm64/Conversions.d --serialize-diagnostics /Users/ACdesk/Library/Developer/Xcode/DerivedData/MetalSplat-exhxvadxofhhjicwksrjvtzmjtof/Build/Intermediates.noindex/Satin.build/Debug-iphoneos/SatinCore.build/Objects-normal/arm64/Conversions.dia -c /Users/ACdesk/Library/Developer/Xcode/DerivedData/MetalSplat-exhxvadxofhhjicwksrjvtzmjtof/SourcePackages/checkouts/Satin/Sources/SatinCore/Conversions.mm -o /Users/ACdesk/Library/Developer/Xcode/DerivedData/MetalSplat-exhxvadxofhhjicwksrjvtzmjtof/Build/Intermediates.noindex/Satin.build/Debug-iphoneos/SatinCore.build/Objects-normal/arm64/Conversions.o -index-unit-output-path /Satin.build/Debug-iphoneos/SatinCore.build/Objects-normal/arm64/Conversions.o

SwiftExplicitDependencyGeneratePcm arm64 /Users/ACdesk/Library/Developer/Xcode/DerivedData/ModuleCache.noindex/_Builtin_stddef-1YD8BSL3K9H5VKH8UYP70DCF1.pcm

SwiftExplicitDependencyGeneratePcm arm64 /Users/ACdesk/Library/Developer/Xcode/DerivedData/ModuleCache.noindex/SwiftShims-C85FBHJ26W4CQGPWTM8YIJDBV.pcm

SwiftExplicitDependencyGeneratePcm arm64 /Users/ACdesk/Library/Developer/Xcode/DerivedData/ModuleCache.noindex/_AvailabilityInternal-71YG6I1QQFVQVR8NXN4LGQ89S.pcm

SwiftExplicitDependencyGeneratePcm arm64 /Users/ACdesk/Library/Developer/Xcode/DerivedData/ModuleCache.noindex/ptrcheck-7XZ0A8WR235NW86MK63NVX4JI.pcm

** BUILD FAILED **


The following build commands failed:
	CompileC /Users/ACdesk/Library/Developer/Xcode/DerivedData/MetalSplat-exhxvadxofhhjicwksrjvtzmjtof/Build/Intermediates.noindex/Satin.build/Debug-iphoneos/SatinCore.build/Objects-normal/arm64/Triangulator.o /Users/ACdesk/Library/Developer/Xcode/DerivedData/MetalSplat-exhxvadxofhhjicwksrjvtzmjtof/SourcePackages/checkouts/Satin/Sources/SatinCore/Triangulator.mm normal arm64 objective-c++ com.apple.compilers.llvm.clang.1_0.compiler (in target 'SatinCore' from project 'Satin')
	Building project MetalSplat with scheme MetalSplat
(2 failures)
